border_size=1
usage=map

Xu          , Xu          , Uu^Ii       , Xu          , Xu          , Xu          , Uu^Ii       , Xu          , Uu^Ii       , Xu          , Xu          , Xu          , Uu^Ii       , Xu          , Xu          
Xu          , Uu^Ii       , Uu^Ii       , Uu^Ii       , Uu^Ii       , Uu^Ii       , Uu^Ii       , Uu^Ii       , Uu^Ii       , Uu^Ii       , 1 Uu^Ii     , Uu^Ii       , Uu^Ii       , Uu^Ii       , Xu          
Xu          , Uu^Vu       , Xu          , Uu^Ii       , Xu          , Uu^Ii       , Cud         , Cud         , Cud         , Uu^Ii       , Xu          , Uu^Ii       , Xu          , Uu^Vu       , Xu          
Xu          , Xu          , Uu^Ii       , Xu          , Xu          , Uu^Ii       , Cud         , Gs^Ft       , Cud         , Uu^Ii       , Xu          , Xu          , Uu^Ii       , Xu          , Xu          
Xu          , Uu^Ii       , Uu^Ii       , Uu^Ii       , Xu          , Uu^Ii       , 2 Cud       , Ww          , Cud         , Uu^Ii       , Xu          , Uu^Ii       , Uu^Ii       , Uu^Ii       , Xu          
Xu          , Uu^Vu       , Xu          , Uu^Ii       , Uu^Ii       , Uu^Ii       , Cud         , Gs^Ft       , Cud         , Uu^Ii       , Uu^Ii       , Uu^Ii       , Xu          , Uu^Vu       , Xu          
Xu          , Xu          , Uu^Ii       , Xu          , Uu^Ii       , Uu^Ii       , Uu^Ii       , Cud         , Uu^Ii       , Uu^Ii       , Uu^Ii       , Xu          , Uu^Ii       , Xu          , Xu          
Xu          , Uu^Ii       , Uu^Ii       , Uu^Ii       , Xu          , Uu^Ii       , Uu^Ii       , Uu^Ii       , Uu^Ii       , Uu^Ii       , Xu          , Uu^Ii       , Uu^Ii       , Uu^Ii       , Xu          
Xu          , Uu^Ii       , Uu^Ii       , Uu^Ii       , Uu^Vu       , Xu          , Ql^Bs|      , Ql^Bs|      , Ql^Bs|      , Xu          , Uu^Vu       , Uu^Ii       , Uu^Ii       , Uu^Ii       , Xu          
Xu          , Xu          , Xu          , Xu          , Xu          , Xu          , Ql^Bs|      , Ql^Bs|      , Ql^Bs|      , Xu          , Xu          , Xu          , Xu          , Xu          , Xu          
