border_size=1
usage=map

Gg          , Gg          , Gg          , Gg          , Gg          , Gg          , Gg          , Gg          , Gs^Fds      , Gg          , Gg          , Gg          , Gg          , Gg          , Gg          , Gg          , Hh          , Hh          , Ww          , Md          , Md^Xm       , Md^Xm       
Gg          , Gs^Fds      , Gg          , Gg          , Ww          , Gg          , Ww          , Ww          , Ww          , Ww          , Ww          , Ww          , Ww          , Gg          , Gg          , Gg          , Ww          , Ww          , Mm          , Md^Xm       , Md^Xm       , Md^Xm       
Gs^Fds      , Ggf         , Ww          , Ww          , Ww          , Ww          , Gg          , Gg          , Gg          , Gg          , Gg          , Gg          , Kh          , Ww          , Ww          , Gg          , Ww          , Hh          , Mm          , Md^Xm       , Md^Xm       , Md^Xm       
Gs^Fds      , Gg          , Ww          , Gg^Wm       , Gg          , Gg          , Gg          , Gg          , Gg          , Gg          , Ch          , Ch          , Gg^Ve       , Ch          , Ch          , Ww          , Ww          , Hh          , Hh          , Hh^Fms      , Hh          , Mm          
Gs^Fds      , Gg          , Ww          , Gg          , Ggf         , Gg          , Gg          , Gg          , Ch          , Ch          , Gg^Ve       , Gg^Ve       , Rd          , Rd          , Ww          , Ww          , Ch          , Ww          , Ww          , Gs^Fds      , Gg          , Gg          
Gs^Fds      , Ggf         , Ww          , Gg          , Ggf         , Gg          , Kh          , Ch          , Gg          , Ggf         , Gg^Ve       , Rd          , Gg^Ve       , Gg^Ve       , Ww          , Gg          , Ch          , Ch          , Ch          , Ww          , Gs^Fds      , Gg          
Gs^Fds      , Gg          , Ww          , Gg          , Gg          , Gg          , Ch          , Gg          , Ww          , Gg          , Gg          , Rd          , Gg          , Gg          , Ww          , Gg          , Ch          , 1 Kh        , Ch          , Ww          , Gs^Fds      , Gg          
Gg          , Gg          , Ww          , Gg          , Gg          , Gg          , Ww          , Ww          , Gg          , Ww          , Ww^Bw/      , Rd          , Hh          , Gg          , Ww          , Rp^Vhc      , Rp          , Ch          , Ch          , Ww          , Gg          , Gg          
Gg          , Gg          , Gg          , Ww          , Ww          , Ww          , Ch          , Gg          , Gg          , Rp          , Ww          , Hh          , Hh          , Hh          , Ww          , Rp^Vhc      , Rp          , Rp^Vhc      , Ch          , Ww          , Gg          , Gg          
Gg          , Gg^Vh       , Re^Gvs      , Gg          , Ww          , Gg          , Ch          , Gg          , Gg          , Rp          , Ww          , Hh          , Hh          , Hh          , Ww          , Rp^Vhc      , Rp          , Rp^Vhc      , Ch          , Ww          , Gs^Fds      , Gg          
Re^Gvs      , Re^Gvs      , Re^Gvs      , Gg          , Ww          , Gg          , Ch          , Ch          , Ch          , Rp          , Rp          , Ww          , Ww          , Ww          , Rp^Vhc      , Rp^Vhc      , Rp          , Rp^Vhc      , Ch          , Ww          , Gs^Fds      , Gg          
Re^Gvs      , Re^Gvs      , Re^Gvs      , Gg          , Ww          , Gg          , Ch          , Kh          , Ch          , Gg          , Rp          , Gg          , Rp^Vhc      , Rp^Vhc      , Rp          , Rp          , Rp^Vhc      , Rp^Vhc      , Kh          , Ww          , Gs^Fds      , Gg          
Re^Gvs      , Re^Gvs      , Re^Gvs      , Gg          , Ww          , Gg          , Gg          , Ch          , Ch          , Gg          , Gg          , Rp          , Rr          , Rp          , Rp^Vhc      , Rp^Vhc      , Ch          , Ch          , Ww          , Ww          , Gg          , Gg          
Re^Gvs      , Re^Gvs      , Re^Gvs      , Gg          , Ww          , Gg          , Gg          , Gg          , Gg          , Kh          , Rp          , Rp          , Rr          , Rp^Vhc      , Ch          , Ch          , Ww          , Ww          , Gg          , Gg          , Re^Gvs      , Gg          
Re^Gvs      , Re^Gvs      , Gg^Vh       , Gg          , Ww          , Gg          , Gs^Fds      , Gg^Fet      , Rd          , Rd          , Rd          , Rp          , Kh          , Ch          , Ww          , Ww          , Gg          , Gg          , Re^Gvs      , Re^Gvs      , Re^Gvs      , Gg          
Gg^Vh       , Re^Gvs      , Gg          , Gg          , Ww          , Gg^Fet      , Rd          , Rd          , Rd          , Rd          , Rd          , Gg          , Ww          , Ww          , Ggf         , Gg          , Gg          , Gg^Vh       , Re^Gvs      , Re^Gvs      , Gg          , Gg          
Gg          , Ggf         , Gs^Fds      , Ww          , Ww^Bw/      , Rd          , Rd          , Rd          , Gg^Fet      , Gg          , Ww          , Ww^Bw\      , Rd          , Gg          , Rd          , Rd          , Rd          , Gg          , Gg          , Gg          , Hh^Fds      , Hh^Fms      
Gg          , Gg^Fet      , Rd          , Rd          , Ww^Bw/      , Rd          , Gg^Fet      , Gs^Fds      , Ww          , Ww          , Gg          , Gg          , Ggf         , Rd          , Re^Gvs      , Gg^Vh       , Re^Gvs      , Rd          , Rd          , Hh          , Hh^Fds      , Hh^Fms      
Rd          , 2 Rd        , Rd          , Rd          , Ww          , Gg          , Ww          , Ww          , Gg          , Gg          , Re^Gvs      , Re^Gvs      , Re^Gvs      , Gg          , Gg          , Re^Gvs      , Hh          , Hh^Fds      , Hh          , Hh^Fms      , Mm          , Mm          
Rd          , Rd          , Gg^Fet      , Gs^Fds      , Ww          , Ww          , Gg          , Wwf         , Ggf         , Gg          , Ggf         , Gg^Vh       , Gg          , Gg          , Re^Gvs      , Gg          , Hh^Fds      , Hh^Fms      , Hh          , Mm          , Mm          , Md^Xm       
Gg          , Gg          , Ww          , Ww          , Gg          , Gg          , Gg          , Ggf         , Gg^Vh       , Re^Gvs      , Re^Gvs      , Ggf         , Ggf         , Gg^Vh       , Re^Gvs      , Re^Gvs      , Hh          , Hh^Fms      , Mm          , Mm          , Hh^Vhh      , Md^Xm       
Ww          , Ww          , Gg          , Gg          , Gs^Fds      , Gs^Fds      , Gs^Fds      , Gg          , Gg          , Re^Gvs      , Gg          , Gg          , Gg          , Gg          , Gg          , Hh^Fp       , Hh^Fds      , Hh^Fds      , Md^Xm       , Md^Xm       , Md^Xm       , Md^Xm       
