border_size=1
usage=map

Md^Xm       , Md^Xm       , Md^Xm       , Md^Xm       , Md^Xm       , Md^Xm       , Md^Xm       , Md^Xm       , Md^Xm       , Md^Xm       , Md^Xm       , Md^Xm       , Md^Xm       , Md^Xm       , Md^Xm       , Md^Xm       , Md^Xm       , Md^Xm       , Md^Xm       , Md^Xm       , Md^Xm       , Md^Xm       , Md^Xm       , Md^Xm       , Md^Xm       , Md^Xm       , Md^Xm       , Md^Xm       , Md^Xm       , Md^Xm       , Wo          , Md^Xm       
Md^Xm       , Md^Xm       , Wo          , Md^Xm       , Wo          , Md^Xm       , Md^Xm       , Md^Xm       , Md^Xm       , Md^Xm       , Wo          , Md^Xm       , Wo          , Wo          , Wo          , Wo          , Wo          , Md^Xm       , Wo          , Md^Xm       , Wo          , Md^Xm       , Wo          , Md^Xm       , Wo          , Md^Xm       , Wo          , Md^Xm       , Wo          , Wo          , Md^Xm       , Md^Xm       
Md^Xm       , Md^Xm       , Wo          , Wo          , Wo          , Wo          , Wo          , Wo          , Wo          , Wo          , Wo          , Wo          , Wo          , Wo          , Wo          , Wo          , Wo          , Wo          , Wo          , Wo          , Wo          , Wo          , Wo          , Wo          , Wo          , Wo          , Wo          , Wo          , Wo          , Md^Xm       , Md^Xm       , Md^Xm       
Md^Xm       , Md^Xm       , Wo          , Wo          , Wo          , Wo          , Wo          , Wo          , Wo          , Wo          , Wo          , Wo          , Wo          , Wo          , Wo          , Wo          , Wo          , Wo          , Wo          , Wo          , Wo          , Wo          , Wo          , Wo          , Wo          , Wo          , Wo          , Wo          , Wo          , Md^Xm       , Md^Xm       , Md^Xm       
Md^Xm       , Md^Xm       , Wo          , Wo          , Wo          , Wo          , Wo          , Wo          , Wo          , Wo          , Wo          , Wo          , Wo          , Wo          , Wo          , Wo          , Wo          , Wo          , Wo          , Wo          , Wo          , Wo          , Wo          , Wo          , Wo          , Wo          , Wo          , Wo          , Wo          , Wo          , Md^Xm       , Md^Xm       
Md^Xm       , Md^Xm       , Wo          , Wo          , Wo          , Wo          , Wo          , Wo          , Wo          , Wo          , Wo          , Wo          , Wo          , Wo          , Wo          , Wo          , Wo          , Wo          , Wo          , Wo          , Wo          , Wo          , Wo          , Wo          , Wo          , Wo          , Wo          , Wo          , Wo          , Wo          , Wo          , Md^Xm       
Md^Xm       , Wo          , Wo          , Wo          , Wo          , Wo          , Wo          , Wo          , Wo          , Wo          , Wo          , Wo          , Wo          , Wo          , Wo          , Wo          , Wo          , Wo          , Wo          , Wo          , Wo          , Wo          , Wo          , Wo          , Wo          , Wo          , Wo          , Wo          , Wo          , Wo          , Wo          , Md^Xm       
Md^Xm       , Wo          , Wo          , Wo          , Wo          , Wo          , Wo          , Wo          , Wo          , Wo          , Wo          , Wo          , Wo          , Wo          , Md^Xm       , Wo          , Wo          , Wo          , Wo          , Wo          , Wo          , Wo          , Wo          , Wo          , Wo          , Wo          , Wo          , Wo          , Wo          , Wo          , Md^Xm       , Md^Xm       
Md^Xm       , Wo          , Wo          , Wo          , Wo          , Wo          , Wo          , Wo          , Wo          , Wo          , Wo          , Wo          , Md^Xm       , Md^Xm       , Wo          , Md^Xm       , Md^Xm       , Wo          , Wo          , Wo          , Wo          , Wo          , Wo          , Wo          , Wo          , Wo          , Wo          , Wo          , Wo          , Wo          , Md^Xm       , Md^Xm       
Md^Xm       , Wo          , Wo          , Wo          , Wo          , Wo          , Wo          , Wo          , Wo          , Wo          , Md^Xm       , Md^Xm       , Wo          , Wo          , Wo          , Wo          , Wo          , Md^Xm       , Md^Xm       , Wo          , Wo          , Wo          , Wo          , Wo          , Wo          , Wo          , Wo          , Wo          , Wo          , Wo          , Md^Xm       , Md^Xm       
Md^Xm       , Wo          , Wo          , Wo          , Wo          , Wo          , Wo          , Wo          , Wo          , Md^Xm       , Wo          , Wo          , Wo          , Wo          , Wo          , Wo          , Wo          , Wo          , Wo          , Md^Xm       , Wo          , Wo          , Wo          , Wo          , Wo          , Wo          , Wo          , Wo          , Wo          , Wo          , Md^Xm       , Md^Xm       
Md^Xm       , Wo          , Wo          , Wo          , Wo          , Wo          , Wo          , Wo          , Wo          , Md^Xm       , Wo          , Wo          , Wo          , Wo          , Wo          , Wo          , Wo          , Wo          , Wo          , Md^Xm       , Wo          , Wo          , Wo          , Wo          , Wo          , Wo          , Wo          , Wo          , Wo          , Wo          , Md^Xm       , Md^Xm       
Md^Xm       , Md^Xm       , Wo          , Wo          , Wo          , Wo          , Wo          , Wo          , Wo          , Md^Xm       , Wo          , Wo          , Wo          , Wo          , Wo          , Wo          , Wo          , Wo          , Wo          , Md^Xm       , Wo          , Wo          , Wo          , Wo          , Wo          , Wo          , Wo          , Wo          , Wo          , 2 Md        , Md          , Md^Xm       
Md^Xm       , Md^Xm       , Wo          , Wo          , Wo          , Wo          , Wo          , Wo          , Wo          , Md^Xm       , Wo          , Wo          , Wo          , Wo          , Wo          , Wo          , Wo          , Wo          , Wo          , Md^Xm       , Wo          , Wo          , Wo          , Wo          , Wo          , Wo          , Wo          , Wo          , Wo          , Wo          , Md^Xm       , Md^Xm       
Md^Xm       , Wo          , Wo          , Wo          , Wo          , Wo          , Wo          , Wo          , Wo          , Md^Xm       , Md^Xm       , Wo          , Wo          , Wo          , Wo          , Wo          , Wo          , Wo          , Wo          , Md^Xm       , Wo          , Wo          , Wo          , Wo          , Wo          , Wo          , Wo          , Wo          , Wo          , Wo          , Md^Xm       , Md^Xm       
Md^Xm       , Wo          , Wo          , Wo          , Wo          , Wo          , Wo          , Wo          , Wo          , Wo          , Wo          , Md^Xm       , Md^Xm       , Wo          , Wo          , Wo          , Wo          , Wo          , Wo          , Md^Xm       , Md^Xm       , Wo          , Wo          , Wo          , Wo          , Wo          , Wo          , Wo          , Wo          , Wo          , Wo          , Md^Xm       
Md^Xm       , Wo          , Wo          , Wo          , Wo          , Wo          , Wo          , Wo          , Wo          , Wo          , Wo          , Wo          , Wo          , Md^Xm       , Md^Xm       , Wo          , Md^Xm       , Wo          , Wo          , Wo          , Wo          , Wo          , Wo          , Wo          , Wo          , Wo          , Wo          , Wo          , Wo          , Wo          , Wo          , Md^Xm       
Md^Xm       , Wo          , Wo          , Wo          , Wo          , Wo          , Wo          , Wo          , Wo          , Wo          , Wo          , Wo          , Wo          , Wo          , Wo          , Md^Xm       , Wo          , Md^Xm       , Wo          , Wo          , Wo          , Wo          , Wo          , Wo          , Wo          , Wo          , Wo          , Wo          , Wo          , Wo          , Wo          , Md^Xm       
Md^Xm       , Wo          , Wo          , Wo          , Wo          , Wo          , Wo          , Wo          , Wo          , Wo          , Wo          , Wo          , Wo          , Wo          , Wo          , Wo          , Wo          , Wo          , Wo          , Wo          , Wo          , Wo          , Wo          , Wo          , Wo          , Wo          , Wo          , Wo          , Wo          , Wo          , Wo          , Md^Xm       
Md^Xm       , Wo          , Wo          , Wo          , Wo          , Wo          , Wo          , Wo          , Wo          , Wo          , Wo          , Wo          , Wo          , Wo          , Wo          , Wo          , Wo          , Wo          , Wo          , Wo          , Wo          , Wo          , Wo          , Wo          , Wo          , Wo          , Wo          , Wo          , Wo          , Wo          , Wo          , Md^Xm       
Md^Xm       , Wo          , Wo          , Wo          , Wo          , Wo          , Wo          , Wo          , Wo          , Wo          , Wo          , Wo          , Wo          , Wo          , Wo          , Wo          , Wo          , Wo          , Wo          , Wo          , Wo          , Wo          , Wo          , Wo          , Wo          , Wo          , Wo          , Wo          , Wo          , Wo          , Wo          , Md^Xm       
Md^Xm       , Wo          , Wo          , Wo          , Wo          , Wo          , Wo          , Wo          , Wo          , Wo          , Wo          , Wo          , Wo          , Wo          , Wo          , Wo          , Wo          , Wo          , Wo          , Wo          , Wo          , Wo          , Wo          , Wo          , Wo          , Wo          , Wo          , Wo          , Wo          , Wo          , Md^Xm       , Md^Xm       
Md^Xm       , Wo          , Wo          , Wo          , Wo          , Wo          , Wo          , Wo          , Wo          , Wo          , Wo          , Wo          , Wo          , Wo          , Wo          , Wo          , Wo          , Wo          , Wo          , Wo          , Wo          , Wo          , Wo          , Wo          , Wo          , Wo          , Wo          , Wo          , Wo          , Wo          , Md^Xm       , Md^Xm       
Md^Xm       , Md^Xm       , Wo          , Wo          , Wo          , Wo          , Wo          , Wo          , Wo          , Wo          , Wo          , Wo          , Wo          , Wo          , Wo          , Wo          , Wo          , Wo          , Wo          , Wo          , Wo          , Wo          , Wo          , Wo          , Wo          , Wo          , Wo          , Wo          , Wo          , Wo          , Md^Xm       , Md^Xm       
Md^Xm       , Md          , Md          , Wo          , Wo          , Wo          , Wo          , Wo          , Wo          , Wo          , Wo          , Wo          , Wo          , Wo          , Wo          , Wo          , Wo          , Wo          , Wo          , Wo          , Wo          , Wo          , Wo          , Wo          , Wo          , Wo          , Wo          , Wo          , Wo          , Wo          , Md^Xm       , Md^Xm       
Md^Xm       , Md          , Md          , Md          , Md          , Wo          , Wo          , Wo          , Wo          , Wo          , Wo          , Wo          , Wo          , Wo          , Wo          , Wo          , Wo          , Wo          , Wo          , Wo          , Wo          , Wo          , Wo          , Wo          , Wo          , Wo          , Wo          , Wo          , Wo          , Wo          , Md^Xm       , Md^Xm       
Md^Xm       , Md          , Md          , Md          , Chr         , Md          , Md          , Wo          , Wo          , Wo          , Wo          , Wo          , Wo          , Wo          , Wo          , Wo          , Wo          , Wo          , Wo          , Wo          , Wo          , Wo          , Wo          , Wo          , Wo          , Wo          , Wo          , Wo          , Wo          , Wo          , Wo          , Md^Xm       
Md^Xm       , Md          , Md          , Chr         , Khr         , Chr         , Md          , Md          , Md          , Wo          , Wo          , Wo          , Wo          , Wo          , Wo          , Wo          , Wo          , Wo          , Wo          , Wo          , Wo          , Wo          , Wo          , Wo          , Wo          , Wo          , Wo          , Wo          , Wo          , Wo          , Wo          , Md^Xm       
Md^Xm       , Md          , Md          , Chr         , Chr         , Chr         , Md          , Md          , Md          , Md          , Wo          , Wo          , Wo          , Wo          , Wo          , Wo          , Wo          , Wo          , Wo          , Wo          , Wo          , Wo          , Wo          , Wo          , Wo          , Wo          , Wo          , Wo          , Wo          , Wo          , Xu          , Md^Xm       
Md^Xm       , Md          , 1 Md        , Md          , Md          , Md          , Md          , Md          , Md          , Md          , Wo          , Wo          , Wo          , Wo          , Wo          , Wo          , Wo          , Wo          , Wo          , Wo          , Wo          , Wo          , Wo          , Wo          , Wo          , Wo          , Wo          , Wo          , Xu          , Wo          , Wo          , Xu          
Md^Xm       , Md          , Md          , Md          , Md^Xm       , Md          , Md^Xm       , Md          , Md^Xm       , Md^Xm       , Md^Xm       , Md          , Md          , Wo          , Ce          , Wo          , Ce          , Wo          , Ce          , Wo          , Wo          , Wo          , Wo          , Wo          , Md^Xm       , Wo          , Md^Xm       , Md^Xm       , Md^Xm       , Xu          , Xu          , Xu          
Md          , Md          , Md^Xm       , Md^Xm       , Md^Xm       , Md^Xm       , Md^Xm       , Md^Xm       , Md^Xm       , Md^Xm       , Md^Xm       , Md          , Md^Xm       , Ce          , Ce          , Ce          , Ce          , Ce          , Ce          , Ce          , Md^Xm       , Wo          , Md^Xm       , Md^Xm       , Md^Xm       , Md^Xm       , Md^Xm       , Md^Xm       , Md^Xm       , Md^Xm       , Md^Xm       , Md^Xm       
