border_size=1
usage=map

Wo          , Wo          , Wo          , Wo          , Wo          , Wo          , Wo          , Wo          , Wo          , Wo          , Wo          , Wo          , Wo          , Wo          , Wo          , Wo          , Wo          , Wo          , Wo          , Wo          , Wo          , Wo          , Wo          , Wo          , Wo          , Wo          , Wo          , Wo          , Wo          , Wo          , Wo          , Wo          , Wo          , Wo          , Wo          , Wo          , Wo          , Wo          , Wo          , Wo          , Wo          , Wo          , Wo          , Wo          , Wo          , Wo          
Wo          , Wo          , Wo          , Wo          , Wo          , Wo          , Wo          , Wo          , Wo          , Wo          , Wo          , Wo          , Wo          , Wo          , Wwr         , Wwr         , Wwr         , Wwr         , Wwr         , Wwr         , Ww          , Wo          , Wo          , Wo          , Wo          , Wo          , Wo          , Wo          , Wo          , Wo          , Wo          , Wo          , Wo          , Wo          , Wo          , Wo          , Wo          , Wo          , Wo          , Wo          , Wo          , Wo          , Wo          , Wo          , Wo          , Wo          
Wo          , Wo          , Wo          , Wo          , Wo          , Wo          , Wo          , Wo          , Wo          , Wo          , Wo          , Wo          , Wo          , Wwr         , Ww          , Ww          , Ds          , Ds          , Ds          , Ds          , Ds          , Ww          , Ww          , Wo          , Wo          , Wo          , Wo          , Wo          , Wo          , Wo          , Wo          , Wo          , Wo          , Wo          , Wo          , Wo          , Wo          , Wo          , Wo          , Wo          , Wo          , Wo          , Wo          , Wo          , Wo          , Wo          
Wo          , Wo          , Wo          , Wo          , Wo          , Wo          , Wo          , Wo          , Wo          , Wo          , Wo          , Wo          , Wo          , Ww          , Ds          , Ds          , Gs^Ft       , Gs^Ft       , Gs^Ft       , Gs^Ft       , Gs^Ft       , Ds          , Ds          , Ww          , Ww          , Wo          , Wo          , Wo          , Wo          , Wo          , Wo          , Wo          , Wo          , Wo          , Wo          , Wo          , Wo          , Wo          , Wo          , Wo          , Wo          , Wo          , Wo          , Wo          , Wo          , Wo          
Wo          , Wo          , Wo          , Wo          , Wo          , Wo          , Wo          , Wo          , Wo          , Wo          , Wo          , Wo          , Wo          , Ww          , Ds          , Gs^Ft       , Ww          , Gs^Ft       , Gs^Ft       , Gg          , Gg          , Gs^Ft       , Gs^Ft       , Ds          , Ww          , Wo          , Wo          , Ww          , Ww          , Wo          , Wo          , Wo          , Wo          , Wo          , Wo          , Wo          , Wo          , Wo          , Wo          , Wo          , Wo          , Wo          , Wo          , Wo          , Wo          , Wo          
Wo          , Wo          , Wo          , Wo          , Wo          , Wo          , Wo          , Wo          , Wo          , Wo          , Wo          , Wo          , Wo          , Ww          , Ww          , Ww          , Wo          , Ww          , Ww          , Ww          , Ww          , Gg          , Ds          , Ds          , Ww          , Wo          , Wo          , Ww          , Wwr         , Wo          , Wo          , Wo          , Wo          , Wo          , Wo          , Wo          , Wo          , Wo          , Wo          , Wo          , Wo          , Wo          , Wo          , Wo          , Wo          , Wo          
Wo          , Wo          , Wo          , Wo          , Wo          , Wo          , Wo          , Wo          , Wo          , Wo          , Wo          , Wo          , Wo          , Wo          , Wo          , Wo          , Ww          , Wo          , Wo          , Wo          , Wo          , Ww          , Ww          , Ds          , Ww          , Wo          , Wo          , Wwr         , Wwr         , Wo          , Wo          , Wo          , Wo          , Wo          , Wo          , Wo          , Wo          , Wo          , Wo          , Wo          , Wo          , Wo          , Wo          , Wo          , Wo          , Wo          
Wo          , Wo          , Wo          , Wo          , Wo          , Wo          , Wo          , Wo          , Wo          , Wo          , Wo          , Wo          , Ww          , Ww          , Ww          , Ww          , Ds          , Ww          , Ww          , Ww          , Ww          , Wo          , Wo          , Ww          , Wo          , Wo          , Wo          , Wwr         , Wwr         , Wwr         , Wwr         , Wo          , Wo          , Wo          , Wo          , Wo          , Wo          , Wo          , Wo          , Wo          , Wo          , Wo          , Wo          , Wo          , Wo          , Wo          
Wo          , Wo          , Wo          , Wo          , Wo          , Wo          , Wo          , Wo          , Wo          , Wo          , Wo          , Wo          , Ww          , Ww          , Ww          , Ds          , Ds          , Ds          , Dd^Vdt      , Ds          , Ds          , Ww          , Ww          , Wo          , Ww          , Wo          , Wo          , Wwr         , Wwr         , Wwr         , Wwr         , Wo          , Wo          , Wo          , Wo          , Wo          , Wo          , Wo          , Wo          , Wo          , Wo          , Wo          , Wo          , Wo          , Wo          , Wo          
Wo          , Wo          , Wo          , Wo          , Wo          , Wo          , Wo          , Wo          , Ww          , Wo          , Ww          , Ww          , Ww          , Ww          , Ww          , Ds          , Gg          , Gg^Vh       , 2 Ke        , Ds          , Gg          , Ds          , Ds          , Ww          , Ww          , Ww          , Wo          , Wo          , Wo          , Wo          , Ww          , Ww          , Wo          , Wo          , Wo          , Wo          , Wo          , Wo          , Wo          , Wo          , Wo          , Wo          , Wo          , Wo          , Wo          , Wo          
Wo          , Wo          , Wo          , Wo          , Wo          , Wo          , Ww          , Ww          , Ww          , Ww          , Ds          , Ds          , Ds          , Ds          , Gg          , Ww          , Gg          , Ce          , Ce          , Ce          , Gg          , Gg          , Gg^Efm      , Ds          , Ds          , Ww          , Wo          , Wo          , Wo          , Wo          , Wo          , Wo          , Wo          , Wo          , Wo          , Wo          , Wo          , Wo          , Wo          , Wo          , Wo          , Wo          , Wo          , Wo          , Wo          , Wo          
Wo          , Wo          , Wo          , Wo          , Ww          , Ww          , Ww          , Ds          , Ds          , Ww          , Ww          , Ds          , Gg          , Gg          , Gg          , Ww^Bw\      , Gg          , Ce          , Gg          , Gg          , Ww          , Ww          , Ww          , Gg^Efm      , Ds          , Ww          , Ww          , Ww          , Ww          , Wo          , Wo          , Wo          , Wo          , Wo          , Wo          , Wo          , Wo          , Wo          , Wo          , Wo          , Wo          , Wo          , Wo          , Wo          , Wo          , Wo          
Wo          , Wo          , Wo          , Wwr         , Ww          , Ww          , Ds          , Ds          , Ds          , Ds          , Gg          , Ww          , Ww          , Ww^Bw|      , Ww          , Ww          , Ww          , Gg          , Gg          , Gg          , Ss          , Ww          , Ww          , Gg^Efm      , Gg^Efm      , Ds          , Ww          , Ww          , Ww          , Ww          , Ww          , Wo          , Wo          , Wo          , Wo          , Wo          , Wo          , Wo          , Wo          , Wo          , Wo          , Wo          , Wo          , Wo          , Wo          , Wo          
Wo          , Wo          , Wwr         , Wwr         , Ww          , Ds          , Ds          , Ds          , Gg^Vh       , Gg          , Gg          , Gg          , Gg          , Gg          , Gg          , Gg          , Hh          , Hh          , Gg          , Hh          , Ww          , Ww          , Ww          , Gg^Efm      , Gg^Efm      , Ds          , Wwf         , Ww          , Ds          , Ds          , Ds          , Ww          , Ww          , Ww          , Ww          , Wo          , Ww          , Wo          , Wo          , Wo          , Wo          , Wo          , Wo          , Wo          , Wo          , Wo          
Wo          , Wo          , Wwr         , Wwr         , Ww          , Ds          , Ds          , Gg^Vh       , 3 Ke        , Ce          , Ce          , Ce          , Gg          , Gg          , Gg          , Gg          , Hh          , Mm          , Ww          , Ww^Bw\      , Gg          , Ss          , Ww          , Ww          , Gg          , Gg          , Wwf         , Wwf         , Gg          , Gg          , Gg          , Ds          , Ds          , Ww          , Ds          , Ww          , Ww          , Ww          , Ww          , Wo          , Wo          , Wo          , Wo          , Wo          , Wo          , Wo          
Wo          , Wo          , Wo          , Wwr         , Ww          , Ds          , Ds          , Gg          , Gg          , Ce          , Gg          , Gg          , Ww          , Ww          , Ww          , Gg          , Gg          , Mm          , Mm          , Mm          , Gg          , Gg          , Gg          , Gg          , Ww          , Ww          , Ww          , Wwf         , Gg          , Gg          , Hh          , Hh          , Gg          , Ds          , Ds          , Ds          , Ww          , Ww          , Ww          , Wo          , Ww          , Wo          , Wo          , Wo          , Wo          , Wo          
Wo          , Wo          , Wo          , Wo          , Wo          , Ww          , Ww          , Ds          , Ds          , Gg          , Gg          , Gg          , Ww          , Ww          , Ww          , Ww          , Gs^Ft       , Gg          , Gg          , Gg          , Gg          , Gg          , Ds          , Wwf         , Ww          , Ww          , Ww          , Ds          , Gg          , Gg          , Hh          , Mm          , Hh          , Gg          , Gg          , Ds          , Ww          , Ww          , Ww          , Ww          , Ww          , Wo          , Wo          , Wo          , Wo          , Wo          
Wo          , Wo          , Wo          , Wo          , Wo          , Wo          , Wo          , Ww          , Ww          , Ds          , Ww          , Ww          , Gs^Ft       , Ww          , Gs^Ft       , Ww          , Gs^Ft       , Gs^Ft       , Gg          , Gg          , Gg          , Ds          , Wwf         , 1 Wwf       , Wwf         , Ww          , Ds          , Ds          , Gg          , Gg          , Ww          , Hh          , Gg          , Gg          , Gg          , Ds          , Ds          , Ds          , Ds          , Ww          , Ww          , Wo          , Wo          , Wo          , Wo          , Wo          
Wo          , Wo          , Wo          , Wo          , Wo          , Wo          , Wo          , Ww          , Wo          , Ww          , Ww          , Ww          , Ds          , Gg          , Gg          , Gg          , Gs^Ft       , Gs^Ft       , Gg          , Gg          , Ds          , Ww          , Ww          , Wwf         , Gg^Efm      , Gg^Efm      , Gg^Efm      , Gg^Efm      , Gg          , Ww          , Gg          , Gg          , Gg          , Gg          , Gg          , Gg          , Gg          , Gg          , Gg          , Ds          , Ds          , Ww          , Ww          , Wo          , Wo          , Wo          
Wo          , Wo          , Wo          , Wo          , Wo          , Wo          , Wo          , Wo          , Wo          , Wo          , Wo          , Ww          , Ww          , Ds          , Ww          , Ww          , Ww          , Gg          , Wwf         , Wwf         , Ww          , Ww          , Ww          , Gs^Ft       , Gs^Ft       , Gg^Efm      , Gg^Efm      , Gg^Efm      , Gg          , Ww          , Ww          , Gg          , Gg          , Gg          , Gg          , Gg          , Ce          , Ce          , 5 Ke        , Gg          , Ds          , Ww          , Ww          , Wo          , Wo          , Wo          
Wo          , Wo          , Wo          , Wo          , Wo          , Wo          , Wo          , Wo          , Wo          , Wo          , Wo          , Wo          , Wo          , Ww          , Ww          , Ww          , Ww          , Ww          , Wwf         , Ww          , Ds          , Ww          , Gs^Ft       , Gs^Ft       , Gs^Ft       , Gs^Ft       , Gg^Efm      , Gg^Efm      , Gg^Efm      , Ww          , Ww          , Ww          , Ww          , Ww          , Ww          , Ce          , Gg          , Ce          , Gg^Vh       , Gg^Vh       , Ds          , Ww          , Ww          , Wo          , Wo          , Wo          
Wo          , Wo          , Wo          , Wo          , Wo          , Wo          , Wo          , Wo          , Wo          , Wo          , Ww          , Ww          , Ww          , Wo          , Wo          , Ww          , Ww          , Ww          , Ww          , Ds          , Ds          , Gs^Ft       , Gs^Ft       , Gs^Ft       , Gs^Ft       , Gg          , Gg          , Gg^Efm      , Gg          , Gg          , Gg          , Ww          , Ww          , Ww          , Ww          , Gg          , Ds          , Gg          , Ds          , Ds          , Ww          , Ww          , Ww          , Wo          , Wo          , Wo          
Wo          , Wo          , Wo          , Wo          , Wo          , Wo          , Wo          , Wo          , Wo          , Wo          , Ww          , Gg          , Gg          , Ww          , Wo          , Wo          , Wo          , Ww          , Ww          , Ww          , Ww          , Gs^Ft       , Ds          , Gs^Ft       , Gs^Ft       , Gg          , Gg          , Gg          , Gg          , Gg          , Gg          , Gg          , Gg          , Ww          , Ds          , Ww          , Ww          , Ds          , Ww          , Ww          , Ww          , Ww          , Wo          , Wo          , Wo          , Wo          
Wo          , Wo          , Wo          , Wo          , Wo          , Wo          , Wo          , Wo          , Wo          , Ww          , Hh          , Gg          , Gs^Ft       , Ww          , Ww          , Wo          , Wo          , Wo          , Wo          , Wo          , Wo          , Ww          , Ww          , Ds          , Gs^Ft       , Gg          , Gg          , Gg          , Ce          , Ce          , Gg          , Gg          , Gg          , Gg          , Ds          , Ww          , Ww          , Ww          , Ww          , Ww          , Wo          , Wo          , Wo          , Wo          , Wo          , Wo          
Wo          , Wo          , Wo          , Wo          , Wo          , Wo          , Wo          , Wo          , Wo          , Ww          , Ds          , Hh          , Mm          , Gs^Ft       , Ds          , Ww          , Ww          , Wo          , Wo          , Wo          , Wo          , Wo          , Ww          , Ds          , Ds          , Gg          , Gg          , Ce          , 4 Ke        , Ce          , Gg^Vh       , Gg          , Ds          , Ds          , Ds          , Ww          , Ww          , Ww          , Wo          , Wo          , Wo          , Wo          , Wo          , Wo          , Wo          , Wo          
Wo          , Wo          , Wo          , Wo          , Wo          , Wo          , Wo          , Wo          , Wo          , Ww          , Ds          , Hh          , Mm          , Gs^Ft       , Gs^Ft       , Ds          , Ds          , Ww          , Wo          , Wo          , Wo          , Wo          , Ww          , Ds          , Ds          , Ds          , Ds          , Ds          , Ds          , Dd^Vda      , Ds          , Ds          , Ww          , Ww          , Ww          , Ww          , Wo          , Wo          , Wo          , Wo          , Wo          , Wo          , Wo          , Wo          , Wo          , Wo          
Wo          , Wo          , Wo          , Wo          , Wo          , Wo          , Wo          , Wo          , Wo          , Ww          , Ww          , Ds          , Ds          , Gs^Ft       , Gs^Ft       , Gs^Ft       , Ds          , Ww          , Ww          , Wo          , Wo          , Wo          , Wo          , Ww          , Ww          , Ds          , Ww          , Ds          , Ww          , Ds          , Ww          , Ww          , Wo          , Wo          , Wo          , Wo          , Ww          , Wo          , Ww          , Ww          , Ww          , Ww          , Ww          , Wo          , Wo          , Wo          
Wo          , Wo          , Wo          , Wo          , Wo          , Wo          , Wo          , Wo          , Wo          , Ww          , Ww          , Ww          , Gs^Ft       , Gs^Ft       , Gs^Ft       , Gs^Ft       , Ds          , Ds          , Ww          , Wo          , Wo          , Wo          , Wo          , Wo          , Wo          , Ww          , Wo          , Ww          , Wo          , Ww          , Wo          , Wo          , Ww          , Ww          , Ww          , Ww          , Gs^Ft       , Ww          , Gs^Ft       , Ww          , Ds          , Ds          , Ww          , Wo          , Wo          , Wo          
Wo          , Wo          , Wo          , Wo          , Wo          , Wo          , Wo          , Wo          , Wo          , Wo          , Wo          , Ww          , Gs^Ft       , Gs^Ft       , Gs^Ft       , Ds          , Ds          , Ds          , Ww          , Wo          , Wo          , Wo          , Wo          , Wo          , Wo          , Wo          , Wo          , Wo          , Wo          , Wo          , Ww          , Ww          , Gs^Ft       , Gs^Ft       , Gs^Ft       , Gs^Ft       , Gs^Ft       , Gs^Ft       , Ds          , Ds          , Ds          , Ds          , Ww          , Ww          , Wo          , Wo          
Wo          , Wo          , Wo          , Wo          , Wo          , Wo          , Wo          , Wo          , Wo          , Wo          , Wo          , Ww          , Ww          , Ds          , Ds          , Ds          , Ww          , Ww          , Wo          , Wo          , Wo          , Wo          , Wo          , Wo          , Wo          , Wo          , Wo          , Wo          , Wo          , Wo          , Ww          , Ds          , Ds          , Gs^Ft       , Gs^Ft       , Gs^Ft       , Gs^Ft       , Ds          , Ww          , Ww          , Ww          , Ww          , Wo          , Wo          , Wo          , Wo          
Wo          , Wo          , Wo          , Wo          , Wo          , Wo          , Wo          , Wo          , Wo          , Wo          , Wo          , Wo          , Wo          , Ww          , Ww          , Ww          , Wo          , Wo          , Wo          , Wo          , Wo          , Wo          , Wo          , Wo          , Wo          , Wo          , Wo          , Wo          , Wo          , Wo          , Wo          , Ww          , Ww          , Ds          , Ds          , Ds          , Ds          , Ds          , Ww          , Ww          , Wo          , Wo          , Wo          , Wo          , Wo          , Wo          
Wo          , Wo          , Wo          , Wo          , Wo          , Wo          , Wo          , Wo          , Wo          , Wo          , Wo          , Wo          , Wo          , Wo          , Wo          , Wo          , Wo          , Wo          , Wo          , Wo          , Wo          , Wo          , Wo          , Wo          , Wo          , Wo          , Wo          , Wo          , Wo          , Wo          , Wo          , Ww          , Ww          , Ww          , Ww          , Ww          , Ww          , Ww          , Wo          , Wo          , Wo          , Wo          , Wo          , Wo          , Wo          , Wo          
Wo          , Wo          , Wo          , Wo          , Wo          , Wo          , Wo          , Wo          , Wo          , Wo          , Wo          , Wo          , Wo          , Wo          , Wo          , Wo          , Wo          , Wo          , Wo          , Wo          , Wo          , Wo          , Wo          , Wo          , Wo          , Wo          , Wo          , Wo          , Wo          , Wo          , Wo          , Wo          , Wo          , Wo          , Wo          , Wo          , Wo          , Wo          , Wo          , Wo          , Wo          , Wo          , Wo          , Wo          , Wo          , Wo          
Wo          , Wo          , Wo          , Wo          , Wo          , Wo          , Wo          , Wo          , Wo          , Wo          , Wo          , Wo          , Wo          , Wo          , Wo          , Wo          , Wo          , Wo          , Wo          , Wo          , Wo          , Wo          , Wo          , Wo          , Wo          , Wo          , Wo          , Wo          , Wo          , Wo          , Wo          , Wo          , Wo          , Wo          , Wo          , Wo          , Wo          , Wo          , Wo          , Wo          , Wo          , Wo          , Wo          , Wo          , Wo          , Wo          
