border_size=1
usage=map

Xue         , Xue         , Xue         , Xue         , Xue         , Xue         , Xue         , Xue         , Xue         , Xu          , Xu          , Xu          , Xu          , Xu          , Xu          , Xu          , Xu          , Xu          , Xu          , Xu          , Xu          , Xu          , Xu          , Xu          , Xu          , Xu          , Xu          , Xu          , Xu          , Xu          , Xu          , Xu          , Xu          , Xu          , Xu          , Xu          , Xu          , Xu          , Xu          , Xu          , Xu          , Xu          
Xue         , Uue         , Uue         , Uue         , Ql          , Uue         , Uue         , Uue         , Xue         , Xu          , Xu          , Xu          , Uu          , Xu          , Uu          , Xu          , Uu          , Uu          , Uu^Uf       , Uu          , Uu          , Uu          , Uu          , Xu          , Xu          , Xu          , Xu          , Xu          , Xu          , Xu          , Uu          , Uu          , Uu          , Xu          , Uu          , Xu          , Uu          , Uu          , Uu          , Xu          , Xu          , Xu          
Xue         , Uue         , Ql          , Ql          , Qxu         , Ql          , Ql          , Uue         , Xue         , Xu          , Xu          , Uu          , Uu          , Uu          , Uu          , Uu          , Uu          , Uu^Uf       , Uu          , Uu          , Uu          , Uu          , Uu^Uf       , Uu          , Uu          , Xu          , Xu          , Xu          , Uu          , Uu          , Uu^Vud      , Uu          , Uu          , Uu          , Uu          , Uu          , Uu          , Uu          , Cud         , Xu          , Xu          , Xu          
Xue         , Uue         , Ql          , Qxu         , 2 Kud       , Qxu         , Ql          , Uue         , Xue         , Xu          , Xu          , Xu          , Xu          , Cud         , Cud         , Uu          , Uu          , Uu          , Uu          , Uu          , Uu          , Uu          , Uu          , Uu          , Uu          , Uu          , Uu          , Uu          , Uu          , Uu          , Uu          , Ur          , Ur          , Uu          , Uu^Uf       , Uu          , Uu          , Cud         , 7 Kud       , Cud         , Cud         , Xu          
Xue         , Uue         , Ql          , Qxu         , Uue         , Qxu         , Ql          , Uue         , Xue         , Xu          , Xu          , Xu          , Cud         , 6 Kud       , Cud         , Uu          , Uu          , Uu          , Uu          , Uu          , Uu          , Uu          , Uu          , Uu          , Uu          , Uu          , Uu          , Uu          , Uu          , Uu          , Uu          , Uu          , Ur          , Uu          , Uu          , Uu          , Ur          , Cud         , Cud         , Cud         , Xu          , Xu          
Xue         , Uue         , Ql          , Qxu         , Qxu         , Qxu         , Ql          , Uue         , Xue         , Xu          , Xu          , Xu          , Cud         , Cud         , Cud         , Ur          , Ur          , Uu          , Uu          , Uu          , Uu          , Uu          , Uu          , Uu          , Uu^Vud      , Uu          , Uu          , Uu          , Ur          , Ur          , Uu          , Uu^Uf       , Ur          , Uu          , Uu          , Ur          , Uu          , Cud         , Uu          , Cud         , Xu          , Xu          
Xue         , Uue         , Ql          , Qxu         , Uue         , Qxu         , Ql          , Uue         , Xue         , Xu          , Xu          , Cud         , Xu          , Cud         , Uu          , Uu          , Uu          , Ur          , Uu          , Uu          , Uu          , Uu          , Ur          , Uu          , Uu          , Ur          , Ur          , Ur          , Uue         , Uue         , Uue         , Uu          , Ur          , Uu          , Uu          , Ur          , Uu          , Uu          , Xu          , Xu          , Xu          , Xu          
Xue         , Uue         , Ql          , Qxu         , Qxu         , Qxu         , Ql          , Uue         , Xue         , Xu          , Xu          , Xu          , Uu          , Uu          , Uu          , Ur          , Uu          , Uu          , Uu          , Ur          , Ur          , Ur          , Uu          , Uu          , Ur          , Uu          , Uue         , Uue         , Ql          , Ql          , Ql          , Uue         , Uue         , Uu^Vud      , Uu          , Ur          , Uu          , Uu          , Uu          , Xu          , Xu          , Xu          
Xue         , Uue         , Ql          , Qxu         , Uue         , Qxu         , Ql          , Uue         , Xue         , Xu          , Xu          , Xu          , Uu          , Uu          , Uu          , Ur          , Uu          , Uu          , Uu          , Uu          , Uu          , Uu          , Uu          , Uu          , Ur          , Uue         , Ql          , Ql          , Uue         , Uue         , Uue         , Ql          , Ql          , Uue         , Uue         , Ur          , Uu^Uf       , Uu          , Uu          , Xu          , Xu          , Xu          
Xue         , Uue         , Ql          , Qxu         , Qxu         , Qxu         , Ql          , Uue         , Xue         , Xu          , Uu          , Uu          , Uu          , Uu          , Uu          , Uu          , Ur          , Uu          , Uu          , Uu          , Ur          , Ur          , Uu          , Uu          , Uu          , Uue         , Ql          , Uue         , Uh          , Uh          , Uh          , Uue         , Uue         , Ql          , Uue         , Ur          , Ur          , Uu          , Uu          , Uu          , Xu          , Xu          
Xu          , Uue         , Uue         , Ql          , Uue         , Ql          , Uue         , Uue         , Xue         , Xu          , Uu          , Uu          , Uu          , Uu          , Ur          , Uu^Vud      , Uu          , Ur          , Ur          , Uu          , Uu          , Uu          , Uu          , Ur          , Uu          , Uue         , Ql          , Uue         , Uh          , Uu^Vud      , Uh          , Uh          , Uue         , Ql          , Uue         , Uu          , Ur          , Uu          , Xu          , Xu          , Xu          , Xu          
Xu          , Xu          , Xu          , Uue         , Uue         , Uue         , Xu          , Xu          , Xu          , Xu          , Xu          , Xu          , Uu          , Uu          , Uu          , Uu          , Xu          , Xu          , Ur          , Xu          , Xu          , Uu          , Uu          , Ur          , Uu          , Uue         , Ql          , Uue         , Uue         , Uh          , Uh          , Uue         , Ql          , Ql          , Uue         , Ur          , Uu          , Uu          , Xu          , Xu          , Xu          , Xu          
Xu          , Uu^Vud      , Cud         , Xu          , Uu          , Xu          , Cud         , Uu^Vud      , Xu          , Xu          , Xu          , Xu          , Xu          , Ur          , Uu          , Uu          , Xu          , Ur          , Uu^Uf       , Ur          , Xu          , Uu          , Uu          , Uu^Vud      , Uu          , Uue         , Ql          , Ql          , Ql          , Uue         , Uue         , Uue         , Ql          , Uue         , Uu          , Uu          , Uu          , Uu          , Uu^Vud      , Xu          , Xu          , Xu          
Xu          , Cud         , Cud         , 3 Kud       , Uu          , 4 Kud       , Cud         , Cud         , Xu          , Xu          , Xu          , Xu          , Uu          , Ur          , Uu          , Xu          , Uu^Vu       , Ur          , Ur          , Ur          , Uu^Uf       , Xu          , Uu          , Ur          , Uue         , Uue         , Ql          , Uue         , Ql          , Uue         , Ql          , Ql          , Uue         , Uue         , Ur          , Uu          , Uu          , Ur          , Uu          , Xu          , Xu          , Xu          
Xu          , Cud         , Cud         , Cud         , Uu          , Cud         , Cud         , Cud         , Xu          , Xu          , Uu          , Uu          , Uu          , Ur          , Uu          , Xu          , Xu          , Uu          , Uu          , Uu^Vu       , Xu          , Xu          , Ur          , Ur          , Ql          , Ql          , Uue         , Uue         , Ql          , Uue         , Ql          , Uue         , Ur          , Ur          , Uu          , Uu          , Uu          , Ur          , Uu          , Xu          , Xu          , Xu          
Xu          , Uu          , Uu          , Ur          , Ur          , Ur          , Uu          , Uu          , Xu          , Xu          , Uu^Vud      , Uu          , Ur          , Uu          , Uu          , Xu          , Xu          , Uu^Uf       , Xu          , Xu          , Uu          , Uu          , Uue         , Ql          , Uue         , Uue         , Uu          , Uue         , Ql          , Uue         , Ql          , Uue         , Uu          , Uu          , Xu          , Xu          , Xu          , Ur          , Uu          , Uu          , Xu          , Xu          
Xu          , Uu          , Ur          , Ur          , Ur          , Ur          , Ur          , Uu          , Xu          , Xu          , Uu          , Ur          , Uu          , Ur          , Uu          , Uu          , Uu          , Xu          , Xu          , Uu          , Uu          , Ur          , Uue         , Ql          , Uue         , Uu          , Uu          , Uue         , Ql          , Uue         , Ql          , Uue         , Ur          , Uu          , Xu          , Xu          , Uu          , Ur          , Uu          , Uu          , Xu          , Xu          
Xu          , Uu          , Uue         , Ql          , Ur          , Uu          , Ur          , Uu^Uf       , Xu          , Xu          , Xu          , Uu          , Uu          , Ur          , Uu          , Uu          , Uu          , Uu          , Xu          , Uu          , Uu          , Ur          , Uu          , Uue         , Uu          , Uu^Uf       , Uu          , Uue         , Ql          , Ql^Bs|      , Ql          , Uue         , Ur          , Xu          , Uu          , Uu          , Ur          , Uu          , Uu          , Uu          , Xu          , Xu          
Xu          , Ur          , Ql          , Ql          , Ur          , Uu          , Uue         , Ur          , Xu          , Xu          , Xu          , Uu          , Uu          , Ur          , Uu          , Uu          , Uu          , Uu          , Xu          , Uu          , Uu          , Ur          , Uu          , Uu          , Uu          , Uu          , Uu          , Uue         , Ql          , Uue         , Ql          , Uue         , Uu          , Ur          , Uu          , Uu          , Uu          , Uu          , Uue         , Uue         , Uue         , Xu          
Xu          , Ur          , Uue         , Uue         , Uue         , Uue         , Ql          , Ur          , Xu          , Xu          , Xu          , Uu          , Uu          , Uu          , Uu          , Uu          , Uu          , Uu          , Xu          , Uu          , Uu          , Ur          , Ur          , Ur          , Ur          , Uu          , Uu          , Uue         , Ql          , Ql^Bs|      , Ql          , Uue         , Uue         , Uu          , Uue         , Uu          , Ur          , Uue         , Ql          , Ql          , Ql          , Ql          
Xu          , Uu^Vud      , Uu          , Ur          , Ur          , Ql          , Ql          , Ur          , Xu          , Xu          , Uu^Vu       , Uu          , Ur          , Ur          , Uu          , Uu          , Xu          , Xu          , Ur          , Uu          , Uu          , Uu          , Uu          , Uu          , Uu          , Ur          , Uu          , Uue         , Ql          , Ql^Bs|      , Ql          , Uue         , Ql          , Uue         , Ql^Bs/      , Uue         , Ql          , Ur          , Ur          , Uue         , Uu^Vu       , Ql          
Xu          , Ur          , Ql          , Ql          , Uue         , Uue         , Uue         , Uue         , Xu          , Xu          , Uu          , Ur          , Uu          , Uu          , Xu          , Xu          , Ur          , Ur          , Xu          , Xu          , Ur          , Ur          , Uu          , Xu          , Xu          , Uu          , Uu          , Uue         , Uue         , Uue         , Uue         , Ql          , Uue         , Ql^Bs/      , Uue         , Ql          , Ql          , Ql          , Ql          , Ur          , Ql          , Ql          
Xu          , Ur          , Uue         , Ql          , Ql          , Uue         , Ur          , Uu^Vud      , Xu          , Xu          , Xu          , Uu^Vu       , Xu          , Xu          , Ur          , Ur          , Xu          , Xu          , Uu          , Uu          , Ur          , Uu          , Uu          , Uu          , Xu          , Uu          , Uu          , Ur          , Uu          , Uu          , Uu          , Uue         , Ur          , Uue         , Ur          , Uue         , Uue         , Ql          , Cud         , Ql          , Ql          , Ql          
Xu          , Ur          , Uue         , Uue         , Ur          , Ur          , Xu          , Xu          , Ur          , Xu          , Ur          , Xu          , Ur          , Ur          , Xu          , Uu^Vu       , Xu          , Uu          , Uu          , Uu          , Ur          , Ur          , Ur          , Uu          , Xu          , Uu          , Ur          , Ur          , Uu          , Ur          , Ur          , Uu          , Uu          , Ur          , Uu          , Ur          , Ur          , Cud         , Kud         , Cud         , Ql          , Ql          
Xu          , Uue         , Ql          , Uue         , Uu          , Uu          , Xu          , Ur          , Xu          , Ur          , Xu          , Ur          , Xu          , Xu          , Xu          , Xu          , Ur          , Uu          , Uu          , Uu          , Uu          , Uu          , Uu          , Uu          , Xu          , Uu          , Uu          , Uu          , Uu          , Uu          , Uu          , Ur          , Uu          , Uu          , Xu          , Uu^Vud      , Uu          , Cud         , Cud         , Cud         , Ql          , Ql          
Xu          , Ur          , Uue         , Ur          , Uu          , Xu          , Ur          , Ur          , Xu          , Xu          , Xu          , Xu          , Xu          , Xu          , Ur          , Ur          , Xu          , Xu          , Xu          , Uu          , Uu          , Uu          , Uu          , Uu          , Xu          , Uu^Vud      , Xu          , Xu          , Xu          , Xu          , Xu          , Uu^Vud      , Xu          , Xu          , Uu          , Xu          , Xue         , Xue         , Xue         , Xue         , Ql          , Ql          
Xu          , Ur          , Ur          , Ur          , Xu          , Xu          , Ur          , Xu          , Uu          , Xu          , Uu^Uf       , Xu          , Ur          , Ur          , Xu          , Xu          , Xu          , Xu          , Xu          , Uu          , Ur          , Uu          , Xu          , Xu          , Uu          , Xu          , Uu          , Uu          , Uu          , Ur          , Ur          , Xu          , Uu          , Uu          , Uu          , Uue         , Ql          , Ql          , Ql          , Ql          , Ql          , Ql          
Xu          , Uu          , Uu          , Uu          , Xu          , Ur          , Xu          , Xu          , Uu          , Uu          , Uu^Uf       , Uu          , Uu          , Xu          , Xu          , Xu          , Xu          , Xu          , Xu          , Uu          , Ur          , Ur          , Ur          , Uu          , Ur          , Ur          , Uu          , Ur          , Xue         , Uu          , Uu          , Ur          , Ur          , Uu          , Uu          , Uue         , Ql          , Ql          , Ql          , Ql          , Ql          , Ql          
Xu          , Uu          , Xu          , Xu          , Ur          , Ur          , Xu          , Uu          , Uu          , Uu^Uf       , Ur          , Uu          , Xu          , Xu          , Xu          , Xu          , Xu          , Xu          , Xu          , Uu          , Uu          , Uu          , Xu          , Uu          , Uu          , Uu          , Xue         , Xue         , Ql          , Xue         , Xue         , Uu          , Uu          , Uu          , Uu          , Uue         , Uue         , Ql          , Uue         , Ql          , Uu^Vud      , Xu          
Xu          , Ur          , Ur          , Ur          , Xu          , Xu          , Xu          , Xu          , Ur          , Uu          , Uu          , Ur          , Uu^Vu       , Xu          , Xue         , Xue         , Xue         , Xu          , Xu          , 8 Kud       , Uu          , 9 Kud       , Xu          , Uu          , Uu          , Uu          , Xue         , Ql          , Ql          , Ql          , Xue         , Uu          , Uu          , Ur          , Ur          , Ur          , Ur          , Uue         , Uu          , Ur          , Uu          , Xu          
Xu          , Uu^Vu       , Xu          , Xu          , Uu          , Xu          , Ur          , Ur          , Xu          , Xu          , Xu          , Xu          , Xu          , Xue         , Ql          , Ql          , Ql          , Xue         , Uue         , Uu          , Uu          , Uu          , Uue         , Xu          , Ur          , Uu          , Xue         , Ql          , Ql          , Ql          , Xue         , Uu          , Ur          , Ur          , Uu          , Uu          , Xue         , Uu          , Uu          , Ur          , Uu          , Xu          
Xu          , Xu          , Uu^Uf       , Uu          , Uu          , Uu          , Uu          , Xu          , Xu          , Xu          , Xu          , Xu          , Xu          , Xue         , Ql          , Ql          , Ql          , Xue         , Ql          , Uue         , Ur          , Uue         , Ql          , Xue         , Uu          , Uu          , Uu          , Xue         , Xue         , Xue         , Uu          , Uu          , Uu^Vud      , Uu          , Xue         , Xue         , Ql          , Xue         , Xue         , Uu          , Uu          , Xu          
Xu          , Uu^Uf       , Uu^Uf       , Uu^Uf       , Uu          , Ur          , Uu          , Xu          , Ur          , Ur          , Ur          , Ur          , Ur          , Xue         , Uue         , Ql          , Uue         , Xue         , Ql          , Uue         , Ur          , Uue         , Ql          , Xue         , Uu          , Ur          , Uu          , Uu          , Uu          , Uu          , Uu          , Uu          , Uu          , Uu          , Xue         , Ql          , Ql          , Ql          , Xue         , Ur          , Uu          , Xu          
Xu          , Uu^Uf       , Xu          , Uu^Uf       , Xu          , Uu          , Xu          , Ur          , Xu          , Xu          , Xu          , Xu          , Gg          , Xu          , Xu          , Uue         , Gg^Efm      , Xue         , Ql          , Uue         , Ur          , Uue         , Ql          , Xue         , Uu          , Ur          , Uu          , Ur          , Uu          , Ur          , Ur          , Ur          , Uu          , Uu          , Xue         , Ql          , Ql          , Ql          , Xue         , Uu          , Uu          , Xu          
Xu          , Xu          , Gg^Efm      , Xu          , Gg^Vh       , Xu          , Ggf         , Xu          , Gg^Efm      , Gg^Efm      , Gg^Efm      , Gg^Efm      , Gg^Efm      , Gg^Efm      , Gg^Efm      , Gg^Efm      , Gg^Fet      , Xue         , Ql          , Uue         , Ur          , Uue         , Ql          , Xue         , Uu          , Ur          , Uu          , Uu^Uf       , Uu          , Uu          , Uu          , Ur          , Ur          , Uu^Uf       , Uu          , Xue         , Xue         , Xue         , Uu          , Ur          , Xu          , Xu          
Xu          , Gg^Efm      , Gg^Efm      , Ww          , Ww          , Ww          , Gg^Fet      , Gg^Fet      , Gg^Fet      , Gg^Efm      , Ww          , Gg^Efm      , Ww          , Gg^Efm      , Gg^Efm      , Gg^Fet      , Gg^Fet      , Xue         , Ql          , Uue         , Ur          , Uue         , Ql          , Xue         , Uu          , Uu^Uf       , Uu^Uf       , Uu          , Ur          , Uu          , Xue         , Uu          , Uu          , Ur          , Ur          , Uu          , Uu          , Uu^Vud      , Ur          , Uu          , Xu          , Xu          
Xu          , Gg^Efm      , Gg^Efm      , Gg^Efm      , Ww          , Gg^Fet      , Ww          , Ww          , Ww          , Gg^Fet      , Ww          , Ww          , Gg^Efm      , Gg^Efm      , Gg^Efm      , Gg^Fet      , Gg^Fet      , Xue         , Ql          , Uue         , Uu          , Uue         , Ql          , Xue         , Uu          , Uu^Uf       , Uu^Uf       , Uu          , Xue         , Xue         , Ql          , Xue         , Xue         , Uu          , Uu          , Ur          , Uu          , Ur          , Xu          , Xu          , Xu          , Xu          
Xu          , Gg^Efm      , Gg^Efm      , Gg^Efm      , Gg^Efm      , Gg^Fet      , Ww          , Gg^Efm      , Ww          , Gg^Fet      , Ww          , Ww          , Ww          , Gg^Efm      , Gg^Efm      , Gg^Efm      , Gg^Efm      , Xue         , Ql          , Uue         , Ce          , Uue         , Ql          , Xue         , Uu          , Uu          , Ur          , Uu          , Xue         , Ql          , Ql          , Ql          , Xue         , Uu          , Uu          , Ur          , Cud         , Cud         , Cud         , Xu          , Xu          , Xu          
Xu          , Ww          , Ww          , Ww          , Gg^Efm      , Gg^Fet      , Gg^Fet      , Ww          , Gg^Fet      , Gg^Fet      , Gg^Efm      , Gg^Efm      , Gg^Efm      , Gg^Efm      , Ww          , Ww          , Ww          , Xue         , Ql          , Ce          , Ce          , Ce          , Ql          , Xue         , Uu          , Uu          , Ur          , Uu          , Xue         , Ql          , Ql          , Ql          , Xue         , Uu          , Ur          , Cud         , Cud         , Cud         , Cud         , Xu          , Xu          , Xu          
Xu          , Ww          , Ww          , Gg^Efm      , Gg^Efm      , Gg^Efm      , Gg^Efm      , Gg^Fet      , Gg^Efm      , Gg^Efm      , Gg^Efm      , Gg          , Gg^Efm      , Gg^Efm      , Ww          , Gg^Vh       , Ww          , Xue         , Ql          , Ce          , 1 Ke        , Ce          , Ql          , Xue         , Xu          , Uu^Vud      , Uu          , Ur          , Ur          , Xue         , Xue         , Xue         , Ur          , Ur          , Uu          , Cud         , Cud         , 5 Kud       , Cud         , Xu          , Xu          , Xu          
Xu          , Ww          , Gg^Vh       , Ww          , Gg^Efm      , Gg^Efm      , Gg^Efm      , Gg^Efm      , Gg^Efm      , Gg^Efm      , Gg^Efm      , Gg          , Gg^Efm      , Gg^Efm      , Gg^Efm      , Ww          , Gg^Efm      , Xue         , Ql          , Ce          , Ce          , Ce          , Ql          , Xue         , Xu          , Uu          , Uu          , Uu          , Uu          , Uu          , Uu          , Uu          , Uu          , Uu          , Uu          , Cud         , Cud         , Cud         , Cud         , Xu          , Xu          , Xu          
Xu          , Xu          , Xu          , Xu          , Xu          , Xu          , Xu          , Xu          , Xu          , Xu          , Xu          , Xu          , Xu          , Xu          , Xu          , Xu          , Xu          , Xue         , Ql          , Uu^Ii       , Uu^Ii       , Uu^Ii       , Ql          , Xue         , Xu          , Xu          , Xu          , Xu          , Xu          , Xu          , Xu          , Xu          , Xu          , Xu          , Xu          , Xu          , Xu          , Xu          , Xu          , Xu          , Xu          , Xu          
