border_size=1
usage=map

Xu          , Xu          , Xu          , Xu          , Xu          , Xu          , Xu          , Xu          , Xu          , Xu          , Xu          , Xu          , Xu          , Xu          , Xu          , Xu          , Xu          , Xu          , Xu          , Xu          , Xu          , Xu          , Xu          , Xu          , Xu          , Xu          , Xu          , Xu          , Xu          , Xu          , Xu          , Xu          , Xu          , Xu          , Xu          , Xu          , Xu          , Xu          , Xu          , Xu          , Xu          , Xu          
Xu          , Uu          , Uu          , Uu          , Ql          , Uu          , Uu          , Uu          , Xu          , Xu          , Xu          , Xu          , Uu          , Xu          , Uu          , Xu          , Uu          , Uu          , Uu^Uf       , Uu          , Uu          , Uu          , Uu          , Xu          , Xu          , Xu          , Xu          , Xu          , Xu          , Xu          , Uu          , Uu          , Uu          , Xu          , Uu          , Xu          , Uu          , Uu          , Uu          , Xu          , Xu          , Xu          
Xu          , Uu          , Ql          , Ql          , Qxu         , Ql          , Ql          , Uu          , Xu          , Xu          , Xu          , Uu          , Uu          , Uu          , Uu          , Uu          , Uu          , Uu^Uf       , Uu          , Uu          , Uu          , Uu          , Uu^Uf       , Uu          , Uu          , Xu          , Xu          , Xu          , Uu          , Uu          , Uu^Vud      , Uu          , Uu          , Uu          , Uu          , Uu          , Uu          , Uu          , Cud         , Xu          , Xu          , Xu          
Xu          , Uu          , Ql          , Qxu         , 2 Kud       , Qxu         , Ql          , Uu          , Xu          , Xu          , Xu          , Xu          , Xu          , Cud         , Cud         , Uu          , Uu          , Uu          , Uu          , Uu          , Uu          , Uu          , Uu          , Uu          , Uu          , Uu          , Uu          , Uu          , Uu          , Uu          , Uu          , Uu          , Uu          , Uu          , Uu^Uf       , Uu          , Uu          , Cud         , 7 Kud       , Cud         , Cud         , Xu          
Xu          , Uu          , Ql          , Qxu         , Uu          , Qxu         , Ql          , Uu          , Xu          , Xu          , Xu          , Xu          , Cud         , 6 Kud       , Cud         , Uu          , Uu          , Uu          , Uu          , Uu          , Uu          , Uu          , Uu          , Uu          , Uu          , Uu          , Uu          , Uu          , Uu          , Uu          , Uu          , Uu          , Uu          , Uu          , Uu          , Uu          , Uu          , Cud         , Cud         , Cud         , Xu          , Xu          
Xu          , Uu          , Ql          , Qxu         , Qxu         , Qxu         , Ql          , Uu          , Xu          , Xu          , Xu          , Xu          , Cud         , Cud         , Cud         , Uu          , Uu          , Uu          , Uu          , Uu          , Uu          , Uu          , Uu          , Uu          , Uu^Vud      , Uu          , Uu          , Uu          , Uu          , Uu          , Uu          , Uu^Uf       , Uu          , Uu          , Uu          , Uu          , Uu          , Cud         , Uu          , Cud         , Xu          , Xu          
Xu          , Uu          , Ql          , Qxu         , Uu          , Qxu         , Ql          , Uu          , Xu          , Xu          , Xu          , Cud         , Xu          , Cud         , Uu          , Uu          , Uu          , Uu          , Uu          , Uu          , Uu          , Uu          , Uu          , Uu          , Uu          , Uu          , Uu          , Uu          , Uu          , Uu          , Uu          , Uu          , Uu          , Uu          , Uu          , Uu          , Uu          , Uu          , Xu          , Xu          , Xu          , Xu          
Xu          , Uu          , Ql          , Qxu         , Qxu         , Qxu         , Ql          , Uu          , Xu          , Xu          , Xu          , Xu          , Uu          , Uu          , Uu          , Uu          , Uu          , Uu          , Uu          , Uu          , Uu          , Uu          , Uu          , Uu          , Uu          , Uu          , Uu          , Uu          , Ql          , Ql          , Ql          , Uu          , Uu          , Uu^Vud      , Uu          , Uu          , Uu          , Uu          , Uu          , Xu          , Xu          , Xu          
Xu          , Uu          , Ql          , Qxu         , Uu          , Qxu         , Ql          , Uu          , Xu          , Xu          , Xu          , Xu          , Uu          , Uu          , Uu          , Uu          , Uu          , Uu          , Uu          , Uu          , Uu          , Uu          , Uu          , Uu          , Uu          , Uu          , Ql          , Ql          , Uu          , Uu          , Uu          , Ql          , Ql          , Uu          , Uu          , Uu          , Uu^Uf       , Uu          , Uu          , Xu          , Xu          , Xu          
Xu          , Uu          , Ql          , Qxu         , Qxu         , Qxu         , Ql          , Uu          , Xu          , Xu          , Uu          , Uu          , Uu          , Uu          , Uu          , Uu          , Uu          , Uu          , Uu          , Uu          , Uu          , Uu          , Uu          , Uu          , Uu          , Uu          , Ql          , Uu          , Uh          , Uh          , Uh          , Uu          , Uu          , Ql          , Uu          , Uu          , Uu          , Uu          , Uu          , Uu          , Xu          , Xu          
Xu          , Uu          , Uu          , Ql          , Uu          , Ql          , Uu          , Uu          , Xu          , Xu          , Uu          , Uu          , Uu          , Uu          , Uu          , Uu^Vud      , Uu          , Uu          , Uu          , Uu          , Uu          , Uu          , Uu          , Uu          , Uu          , Uu          , Ql          , Uu          , Uh          , Uu^Vud      , Uh          , Uh          , Uu          , Ql          , Uu          , Uu          , Uu          , Uu          , Xu          , Xu          , Xu          , Xu          
Xu          , Xu          , Xu          , Uu          , Uu          , Uu          , Xu          , Xu          , Xu          , Xu          , Xu          , Xu          , Uu          , Uu          , Uu          , Uu          , Xu          , Xu          , Uu          , Xu          , Xu          , Uu          , Uu          , Uu          , Uu          , Uu          , Ql          , Uu          , Uu          , Uh          , Uh          , Uu          , Ql          , Ql          , Uu          , Uu          , Uu          , Uu          , Xu          , Xu          , Xu          , Xu          
Xu          , Uu^Vud      , Cud         , Xu          , Uu          , Xu          , Cud         , Uu^Vud      , Xu          , Xu          , Xu          , Xu          , Xu          , Uu          , Uu          , Uu          , Xu          , Uu          , Uu^Uf       , Uu          , Xu          , Uu          , Uu          , Uu^Vud      , Uu          , Uu          , Ql          , Ql          , Ql          , Uu          , Uu          , Uu          , Ql          , Uu          , Uu          , Uu          , Uu          , Uu          , Uu^Vud      , Xu          , Xu          , Xu          
Xu          , Cud         , Cud         , 3 Kud       , Uu          , 4 Kud       , Cud         , Cud         , Xu          , Xu          , Xu          , Xu          , Uu          , Uu          , Uu          , Xu          , Uu^Vu       , Uu          , Uu          , Uu          , Uu^Uf       , Xu          , Uu          , Uu          , Uu          , Uu          , Ql          , Uu          , Ql          , Uu          , Ql          , Ql          , Uu          , Uu          , Uu          , Uu          , Uu          , Uu          , Uu          , Xu          , Xu          , Xu          
Xu          , Cud         , Cud         , Cud         , Uu          , Cud         , Cud         , Cud         , Xu          , Xu          , Uu          , Uu          , Uu          , Uu          , Uu          , Xu          , Xu          , Uu          , Uu          , Uu^Vu       , Xu          , Xu          , Uu          , Uu          , Ql          , Ql          , Uu          , Uu          , Ql          , Uu          , Ql          , Uu          , Uu          , Uu          , Uu          , Uu          , Uu          , Uu          , Uu          , Xu          , Xu          , Xu          
Xu          , Uu          , Uu          , Uu          , Uu          , Uu          , Uu          , Uu          , Xu          , Xu          , Uu^Vud      , Uu          , Uu          , Uu          , Uu          , Xu          , Xu          , Uu^Uf       , Xu          , Xu          , Uu          , Uu          , Uu          , Ql          , Uu          , Uu          , Uu          , Uu          , Ql          , Uu          , Ql          , Uu          , Uu          , Uu          , Xu          , Xu          , Xu          , Uu          , Uu          , Uu          , Xu          , Xu          
Xu          , Uu          , Uu          , Uu          , Uu          , Uu          , Uu          , Uu          , Xu          , Xu          , Uu          , Uu          , Uu          , Uu          , Uu          , Uu          , Uu          , Xu          , Xu          , Uu          , Uu          , Uu          , Uu          , Ql          , Uu          , Uu          , Uu          , Uu          , Ql          , Uu          , Ql          , Uu          , Uu          , Uu          , Xu          , Xu          , Uu          , Uu          , Uu          , Uu          , Xu          , Xu          
Xu          , Uu          , Uu          , Ql          , Uu          , Uu          , Uu          , Uu^Uf       , Xu          , Xu          , Xu          , Uu          , Uu          , Uu          , Uu          , Uu          , Uu          , Uu          , Xu          , Uu          , Uu          , Uu          , Uu          , Uu          , Uu          , Uu^Uf       , Uu          , Uu          , Ql          , Ql^Bs|      , Ql          , Uu          , Uu          , Xu          , Uu          , Uu          , Uu          , Uu          , Uu          , Uu          , Xu          , Xu          
Xu          , Uu          , Ql          , Ql          , Uu          , Uu          , Uu          , Uu          , Xu          , Xu          , Xu          , Uu          , Uu          , Uu          , Uu          , Uu          , Uu          , Uu          , Xu          , Uu          , Uu          , Uu          , Uu          , Uu          , Uu          , Uu          , Uu          , Uu          , Ql          , Uu          , Ql          , Uu          , Uu          , Uu          , Uu          , Uu          , Uu          , Uu          , Uu          , Uu          , Uu          , Xu          
Xu          , Uu          , Uu          , Uu          , Uu          , Uu          , Ql          , Uu          , Xu          , Xu          , Xu          , Uu          , Uu          , Uu          , Uu          , Uu          , Uu          , Uu          , Xu          , Uu          , Uu          , Uu          , Uu          , Uu          , Uu          , Uu          , Uu          , Uu          , Ql          , Ql^Bs|      , Ql          , Uu          , Uu          , Uu          , Uu          , Uu          , Uu          , Uu          , Ql          , Ql          , Ql          , Ql          
Xu          , Uu^Vud      , Uu          , Uu          , Uu          , Ql          , Ql          , Uu          , Xu          , Xu          , Uu^Vu       , Uu          , Uu          , Uu          , Uu          , Uu          , Xu          , Xu          , Uu          , Uu          , Uu          , Uu          , Uu          , Uu          , Uu          , Uu          , Uu          , Uu          , Ql          , Ql^Bs|      , Ql          , Uu          , Ql          , Uu          , Ql^Bs/      , Uu          , Ql          , Uu          , Uu          , Uu          , Uu^Vu       , Ql          
Xu          , Uu          , Ql          , Ql          , Uu          , Uu          , Uu          , Uu          , Xu          , Xu          , Uu          , Uu          , Uu          , Uu          , Xu          , Xu          , Uu          , Uu          , Xu          , Xu          , Uu          , Uu          , Uu          , Xu          , Xu          , Uu          , Uu          , Uu          , Uu          , Uu          , Uu          , Ql          , Uu          , Ql^Bs/      , Uu          , Ql          , Ql          , Ql          , Ql          , Uu          , Ql          , Ql          
Xu          , Uu          , Uu          , Ql          , Ql          , Uu          , Uu          , Uu^Vud      , Xu          , Xu          , Xu          , Uu^Vu       , Xu          , Xu          , Uu          , Uu          , Xu          , Xu          , Uu          , Uu          , Uu          , Uu          , Uu          , Uu          , Xu          , Uu          , Uu          , Uu          , Uu          , Uu          , Uu          , Uu          , Uu          , Uu          , Uu          , Uu          , Uu          , Ql          , Cud         , Ql          , Ql          , Ql          
Xu          , Uu          , Uu          , Uu          , Uu          , Uu          , Xu          , Xu          , Uu          , Xu          , Uu          , Xu          , Uu          , Uu          , Xu          , Uu^Vu       , Xu          , Uu          , Uu          , Uu          , Uu          , Uu          , Uu          , Uu          , Xu          , Uu          , Uu          , Uu          , Uu          , Uu          , Uu          , Uu          , Uu          , Uu          , Uu          , Uu          , Uu          , Cud         , Kud         , Cud         , Ql          , Ql          
Xu          , Uu          , Ql          , Uu          , Uu          , Uu          , Xu          , Uu          , Xu          , Uu          , Xu          , Uu          , Xu          , Xu          , Xu          , Xu          , Uu          , Uu          , Uu          , Uu          , Uu          , Uu          , Uu          , Uu          , Xu          , Uu          , Uu          , Uu          , Uu          , Uu          , Uu          , Uu          , Uu          , Uu          , Xu          , Uu^Vud      , Uu          , Cud         , Cud         , Cud         , Ql          , Ql          
Xu          , Uu          , Uu          , Uu          , Uu          , Xu          , Uu          , Uu          , Xu          , Xu          , Xu          , Xu          , Xu          , Xu          , Uu          , Uu          , Xu          , Xu          , Xu          , Uu          , Uu          , Uu          , Uu          , Uu          , Xu          , Uu^Vud      , Xu          , Xu          , Xu          , Xu          , Xu          , Uu^Vud      , Xu          , Xu          , Uu          , Xu          , Xu          , Xu          , Xu          , Xu          , Ql          , Ql          
Xu          , Uu          , Uu          , Uu          , Xu          , Xu          , Uu          , Xu          , Uu          , Xu          , Uu^Uf       , Xu          , Uu          , Uu          , Xu          , Xu          , Xu          , Xu          , Xu          , Uu          , Uu          , Uu          , Xu          , Xu          , Uu          , Xu          , Uu          , Uu          , Uu          , Uu          , Uu          , Xu          , Uu          , Uu          , Uu          , Uu          , Ql          , Ql          , Ql          , Ql          , Ql          , Ql          
Xu          , Uu          , Uu          , Uu          , Xu          , Uu          , Xu          , Xu          , Uu          , Uu          , Uu^Uf       , Uu          , Uu          , Xu          , Xu          , Xu          , Xu          , Xu          , Xu          , Uu          , Uu          , Uu          , Uu          , Uu          , Uu          , Uu          , Uu          , Uu          , Xu          , Uu          , Uu          , Uu          , Uu          , Uu          , Uu          , Uu          , Ql          , Ql          , Ql          , Ql          , Ql          , Ql          
Xu          , Uu          , Xu          , Xu          , Uu          , Uu          , Xu          , Uu          , Uu          , Uu^Uf       , Uu          , Uu          , Xu          , Xu          , Xu          , Xu          , Xu          , Xu          , Xu          , Uu          , Uu          , Uu          , Xu          , Uu          , Uu          , Uu          , Xu          , Xu          , Ql          , Xu          , Xu          , Uu          , Uu          , Uu          , Uu          , Uu          , Uu          , Ql          , Uu          , Ql          , Uu^Vud      , Xu          
Xu          , Uu          , Uu          , Uu          , Xu          , Xu          , Xu          , Xu          , Uu          , Uu          , Uu          , Uu          , Uu^Vu       , Xu          , Xu          , Xu          , Xu          , Xu          , Xu          , 8 Kud       , Uu          , 9 Kud       , Xu          , Uu          , Uu          , Uu          , Xu          , Ql          , Ql          , Ql          , Xu          , Uu          , Uu          , Uu          , Uu          , Uu          , Uu          , Uu          , Uu          , Uu          , Uu          , Xu          
Xu          , Uu^Vu       , Xu          , Xu          , Uu          , Xu          , Uu          , Uu          , Xu          , Xu          , Xu          , Xu          , Xu          , Xu          , Ql          , Ql          , Ql          , Xu          , Uu          , Uu          , Uu          , Uu          , Uu          , Xu          , Uu          , Uu          , Xu          , Ql          , Ql          , Ql          , Xu          , Uu          , Uu          , Uu          , Uu          , Uu          , Xu          , Uu          , Uu          , Uu          , Uu          , Xu          
Xu          , Xu          , Uu^Uf       , Uu          , Uu          , Uu          , Uu          , Xu          , Xu          , Xu          , Xu          , Xu          , Xu          , Xu          , Ql          , Ql          , Ql          , Xu          , Ql          , Uu          , Uu          , Uu          , Ql          , Xu          , Uu          , Uu          , Uu          , Xu          , Xu          , Xu          , Uu          , Uu          , Uu^Vud      , Uu          , Xu          , Xu          , Ql          , Xu          , Xu          , Uu          , Uu          , Xu          
Xu          , Uu^Uf       , Uu^Uf       , Uu^Uf       , Uu          , Uu          , Uu          , Xu          , Uu          , Uu          , Uu          , Uu          , Uu          , Xu          , Uu          , Ql          , Uu          , Xu          , Ql          , Uu          , Uu          , Uu          , Ql          , Xu          , Uu          , Uu          , Uu          , Uu          , Uu          , Uu          , Uu          , Uu          , Uu          , Uu          , Xu          , Ql          , Ql          , Ql          , Xu          , Uu          , Uu          , Xu          
Xu          , Uu^Uf       , Xu          , Uu^Uf       , Xu          , Uu          , Xu          , Uu          , Xu          , Xu          , Xu          , Xu          , Gg          , Xu          , Xu          , Uu          , Gg^Efm      , Xu          , Ql          , Uu          , Uu          , Uu          , Ql          , Xu          , Uu          , Uu          , Uu          , Uu          , Uu          , Uu          , Uu          , Uu          , Uu          , Uu          , Xu          , Ql          , Ql          , Ql          , Xu          , Uu          , Uu          , Xu          
Xu          , Xu          , Gg^Efm      , Xu          , Gg^Vh       , Xu          , Ggf         , Xu          , Gg^Efm      , Gg^Efm      , Gg^Efm      , Gg^Efm      , Gg^Efm      , Gg^Efm      , Gg^Efm      , Gg^Efm      , Gg^Fet      , Xu          , Ql          , Uu          , Uu          , Uu          , Ql          , Xu          , Uu          , Uu          , Uu          , Uu^Uf       , Uu          , Uu          , Uu          , Uu          , Uu          , Uu^Uf       , Uu          , Xu          , Xu          , Xu          , Uu          , Uu          , Xu          , Xu          
Xu          , Gg^Efm      , Gg^Efm      , Ww          , Ww          , Ww          , Gg^Fet      , Gg^Fet      , Gg^Fet      , Gg^Efm      , Ww          , Gg^Efm      , Ww          , Gg^Efm      , Gg^Efm      , Gg^Fet      , Gg^Fet      , Xu          , Ql          , Uu          , Uu          , Uu          , Ql          , Xu          , Uu          , Uu^Uf       , Uu^Uf       , Uu          , Uu          , Uu          , Xu          , Uu          , Uu          , Uu          , Uu          , Uu          , Uu          , Uu^Vud      , Uu          , Uu          , Xu          , Xu          
Xu          , Gg^Efm      , Gg^Efm      , Gg^Efm      , Ww          , Gg^Fet      , Ww          , Ww          , Ww          , Gg^Fet      , Ww          , Ww          , Gg^Efm      , Gg^Efm      , Gg^Efm      , Gg^Fet      , Gg^Fet      , Xu          , Ql          , Uu          , Uu          , Uu          , Ql          , Xu          , Uu          , Uu^Uf       , Uu^Uf       , Uu          , Xu          , Xu          , Ql          , Xu          , Xu          , Uu          , Uu          , Uu          , Uu          , Uu          , Xu          , Xu          , Xu          , Xu          
Xu          , Gg^Efm      , Gg^Efm      , Gg^Efm      , Gg^Efm      , Gg^Fet      , Ww          , Gg^Efm      , Ww          , Gg^Fet      , Ww          , Ww          , Ww          , Gg^Efm      , Gg^Efm      , Gg^Efm      , Gg^Efm      , Xu          , Ql          , Uu          , Ce          , Uu          , Ql          , Xu          , Uu          , Uu          , Uu          , Uu          , Xu          , Ql          , Ql          , Ql          , Xu          , Uu          , Uu          , Uu          , Cud         , Cud         , Cud         , Xu          , Xu          , Xu          
Xu          , Ww          , Ww          , Ww          , Gg^Efm      , Gg^Fet      , Gg^Fet      , Ww          , Gg^Fet      , Gg^Fet      , Gg^Efm      , Gg^Efm      , Gg^Efm      , Gg^Efm      , Ww          , Ww          , Ww          , Xu          , Ql          , Ce          , Ce          , Ce          , Ql          , Xu          , Uu          , Uu          , Uu          , Uu          , Xu          , Ql          , Ql          , Ql          , Xu          , Uu          , Uu          , Cud         , Cud         , Cud         , Cud         , Xu          , Xu          , Xu          
Xu          , Ww          , Ww          , Gg^Efm      , Gg^Efm      , Gg^Efm      , Gg^Efm      , Gg^Fet      , Gg^Efm      , Gg^Efm      , Gg^Efm      , Gg          , Gg^Efm      , Gg^Efm      , Ww          , Gg^Vh       , Ww          , Xu          , Ql          , Ce          , 1 Ke        , Ce          , Ql          , Xu          , Xu          , Uu^Vud      , Uu          , Uu          , Uu          , Xu          , Xu          , Xu          , Uu          , Uu          , Uu          , Cud         , Cud         , 5 Kud       , Cud         , Xu          , Xu          , Xu          
Xu          , Ww          , Gg^Vh       , Ww          , Gg^Efm      , Gg^Efm      , Gg^Efm      , Gg^Efm      , Gg^Efm      , Gg^Efm      , Gg^Efm      , Gg          , Gg^Efm      , Gg^Efm      , Gg^Efm      , Ww          , Gg^Efm      , Xu          , Ql          , Ce          , Ce          , Ce          , Ql          , Xu          , Xu          , Uu          , Uu          , Uu          , Uu          , Uu          , Uu          , Uu          , Uu          , Uu          , Uu          , Cud         , Cud         , Cud         , Cud         , Xu          , Xu          , Xu          
Xu          , Xu          , Xu          , Xu          , Xu          , Xu          , Xu          , Xu          , Xu          , Xu          , Xu          , Xu          , Xu          , Xu          , Xu          , Xu          , Xu          , Xu          , Ql          , Uu^Ii       , Uu^Ii       , Uu^Ii       , Ql          , Xu          , Xu          , Xu          , Xu          , Xu          , Xu          , Xu          , Xu          , Xu          , Xu          , Xu          , Xu          , Xu          , Xu          , Xu          , Xu          , Xu          , Xu          , Xu          
