border_size=1
usage=map

Ds          , Ds          , Ds          , Ds          , Ds          , Ds          , Ds          , Ds          , Ds          , Ds          , Ds          , Ds          , Ds          , Ds          , Ds          , Ds          , Hd          , Hd          , Md          , Md          , Md^Xm       , Ds          
Ds          , Ds          , Ds          , Ds          , Ds          , Ds          , Ds          , Ds          , Ds          , Ds          , Ds          , Ds          , Ds          , Ds          , Ds          , Ds          , Dd          , Md          , Md          , Md^Xm       , Md^Xm       , Md^Xm       
Ds          , Ds          , Ds          , Ds          , Dd^Do       , Dd          , Dd          , Ds          , Ds          , Ds          , Ds          , Ds          , Chr         , Ds          , Ds          , Ds          , Ds          , Hd          , Md          , Md^Xm       , Md^Xm       , Md^Xm       
Ds          , Ds          , Dd          , Ds          , Ds          , Ds          , Ds          , Ds          , Dd          , Dd          , Chr         , Chr         , Dd^Vda      , Chr         , Dd^Dr       , Dd          , Ds          , Hd          , Hd          , Hd          , Hd          , Md          
Ds          , Ds          , Ds          , Dd          , Ds          , Ds          , Dd          , Dd          , Dd^Dr       , Chr         , Dd          , Dd^Vda      , Dd^Vda      , Dd^Vda      , Rd          , Dd^Dr       , Chr         , Dd          , Dd          , Ds          , Ds          , Ds          
Ds          , Ds          , Ds          , Ds          , Ds          , Ds          , Chr         , Chr         , Ds          , Dd          , Xu          , Xu          , Xu          , Dd          , Rd          , Ds          , Chr         , Chr         , Chr         , Ds          , Ds          , Ds          
Ds          , Ds          , Dd          , Dd          , Dd          , Dd          , Chr         , Dd          , Ds          , Xu          , Ds          , Dd          , Ds          , Xu          , Xu          , Rd          , Chr         , 3 Khr       , Chr         , Dd          , Ds          , Ds          
Ds          , Ds          , Dd          , Dd          , Ds          , Ds          , Dd^Dr       , Ds          , Xu          , Xu          , Md^Xm       , Ds          , Md          , Ds          , Md^Xm       , Dd          , Dd          , Chr         , Chr         , Ds          , Ds          , Ds          
Ds          , Ds          , Ds          , Ds          , Ds          , Ds          , Chr         , Ds          , Xu          , Ds          , Xu          , Md          , Md          , Md          , Xu          , Dd          , Rd          , Ds          , Dd^Dr       , Ds          , Ds          , Ds          
Ds          , Ds          , Ds          , Ds          , Dd          , Ds          , Chr         , Dd          , Ds          , Ds          , Xu          , Md          , Md          , Md          , Xu          , Ds          , Xu          , Ds          , Dd^Dr       , Ds          , Dd          , Ds          
Ds          , Ds          , Ds          , Ds          , Dd          , Ds          , Chr         , Chr         , Chr         , Dd          , Rd          , Xu          , Xu          , Xu          , Rd          , Rd          , Xu          , Ds          , Chr         , Ds          , Ds          , Ds          
Ds          , Ds          , Ds          , Ds          , Dd          , Ds          , Chr         , 2 Khr       , Chr         , Rd          , Xu          , Ds          , Rd          , Ds          , Xu          , Xu          , Dd          , Ds          , Chr         , Dd          , Ds          , Ds          
Ds          , Ds          , Ds          , Ds          , Dd          , Ds          , Ds          , Chr         , Chr         , Ds          , Ds          , Xu          , Xu          , Xu          , Ds          , Dd          , Chr         , Chr         , Dd          , Ds          , Ds          , Ds          
Dd          , Ds          , Ds          , Ds          , Ds          , Ds          , Dd          , Dd          , Ds          , Dd^Dr       , Chr         , Ds          , Ds          , Ds          , Chr         , Dd^Dr       , Ds          , Ds          , Ds          , Dd          , Ds          , Ds          
Ds          , Dd          , Dd          , Dd          , Dd          , Ds          , Ds          , Ds          , Ds          , Ds          , Ds          , Chr         , Chr         , Chr         , Dd          , Ds          , Ds          , Ds          , Ds          , Ds          , Ds          , Ds          
Ds          , Ds          , Ds          , Ds          , Ds          , Ds          , Ds          , Ds          , Ds          , Ds          , Dd          , Ds          , Ds          , Ds          , Ds          , Ds          , Ds          , Dd          , Dd          , Ds          , Ds          , Ds          
Ds          , Ds          , Ds          , Dd^Do       , Ds          , Ds          , Ds          , Ds          , Dd          , Dd          , Ds          , Dd          , Ds          , Ds          , Ds          , Ds          , Ds          , Ds          , Ds          , Ds          , Hd          , Hd          
Ds          , Ds          , Ce          , Dd          , Ds          , Dd          , Dd          , Ds          , Ds          , Ds          , Ds          , Ds          , Ds          , Ds          , Ds          , Ds          , Ds          , Ds          , Hd          , Hd          , Hd          , Ds          
Ds          , Ce          , Ce          , Ce          , Ds          , Ds          , Ds          , Dd          , Ds          , Ds          , Dd          , Ds          , Ds          , Ds          , Dd          , Ds          , Hd          , Hd          , Hd          , Hd          , Md          , Md          
Ds          , Ce          , 1 Ke        , Ce          , Ds          , Ds          , Dd          , Dd^Do       , Ds          , Ds          , Ds          , Ds          , Ds          , Ds          , Ds          , Ds          , Hd          , Hd          , Hd          , Md          , Md          , Md^Xm       
Ds          , Ce          , Ce          , Ce          , Ds          , Ds          , Ds          , Dd          , Ds          , Ds          , Ds          , Ds          , Ds          , Ds          , Ds          , Ds          , Hd          , Hd          , Md          , Md          , Hh^Vhh      , Md^Xm       
Ds          , Ds          , Ds          , Ds          , Ds          , Ds          , Ds          , Ds          , Ds          , Ds          , Ds          , Ds          , Ds          , Ds          , Ds          , Hd          , Hd          , Hd          , Md^Xm       , Md^Xm       , Md^Xm       , Md^Xm       
