border_size=1
usage=map

Md^Xm       , Md^Xm       , Md^Xm       , Md^Xm       , Md^Xm       , Md^Xm       , Md^Xm       , Md^Xm       , Md^Xm       , Md^Xm       , Md^Xm       , Md^Xm       , Md^Xm       , Md^Xm       , Md^Xm       , Md^Xm       , Md^Xm       , Md^Xm       , Md^Xm       , Md^Xm       , Md^Xm       , Md^Xm       , Md^Xm       , Md^Xm       , Md^Xm       , Md^Xm       , Md^Xm       , Md^Xm       , Md^Xm       , Md^Xm       , Ww          , Md^Xm       
Md^Xm       , Md^Xm       , Ww          , Md^Xm       , Ww          , Md^Xm       , Md^Xm       , Md^Xm       , Md^Xm       , Md^Xm       , Ww          , Md^Xm       , Ww          , Ww          , Ww          , Ww          , Ww          , Md^Xm       , Ww          , Md^Xm       , Ww          , Md^Xm       , Wwf         , Md^Xm       , Wo          , Md^Xm       , Ww          , Md^Xm       , Ww          , Ww          , Md^Xm       , Md^Xm       
Md^Xm       , Md^Xm       , Wwf         , Ww          , Hd          , Ww          , Ww          , Ww          , Ww          , Ww          , Hd          , Ww          , Hd          , Hd          , Hd          , Hd          , Hd          , Ww          , Hd          , Ww          , Hd          , Ww          , Hd          , Wwf         , Wo          , Wo          , Wo          , Ww          , Ww^Vm       , Md^Xm       , Md^Xm       , Md^Xm       
Md^Xm       , Md^Xm       , Wwf         , Wwf         , Hd          , Hd          , Hd          , Hd          , Hd          , Hd          , Hd          , Hd          , Hd          , Hd          , Wo          , Hd          , Wo          , Hd          , Wo          , Hd          , Wo          , Hd          , Wo          , Hd          , Hd          , Wo          , Wo          , Wo          , Wo          , Md^Xm       , Md^Xm       , Md^Xm       
Md^Xm       , Md^Xm       , Wo          , Hd          , Hd          , Hd          , Wo          , Hd          , Wo          , Wo          , Wo          , Wo          , Wo          , Wo          , Wo          , Wo          , Wo          , Wo          , Wo          , Wo          , Wo          , Wo          , Wo          , Wo          , Wo          , Hd          , Wo          , Wo          , Wo          , Wo          , Md^Xm       , Md^Xm       
Md^Xm       , Md^Xm       , Wo          , Wo          , Wo^Bw|      , Wo          , Wo          , Wo          , Wo          , Wo          , Wo          , Wo          , Wo          , Wo          , Wo          , Wo          , Wo          , Wo          , Wo          , Wo          , Wo          , Wo          , Wo          , Wo          , Wo          , Hd          , Wo^Bw\      , Wo          , Wo          , Wo          , Wo          , Md^Xm       
Md^Xm       , Wo          , Wo          , Wo          , Wo^Bw|      , Wo          , Wo          , Wo          , Wo          , Wo          , Hd          , Wo          , Hd          , Hd          , Hd          , Hd          , Hd          , Wo          , Wo          , Wo          , Wo          , Wo          , Wo          , Wo          , Wo          , Wo          , Wo          , Wo^Bw\      , Hd          , Hd          , Hd          , Md^Xm       
Md^Xm       , Wo          , Hd          , Hd          , Hd          , Wo          , Wo          , Wo          , Hd          , Hd          , Dd^Vdt      , Hd          , Hd          , Hd          , Md^Xm       , Hd          , Hd          , Hd          , Hd          , Hd          , Hd          , Wo          , Wo          , Wo          , Wo          , Wo          , Wo          , Wo          , Hd          , Hd          , Md^Xm       , Md^Xm       
Md^Xm       , Wo          , Hd          , Dd^Vda      , Hd          , Wo          , Wo          , Wo          , Hd          , Dd^Vdt      , Hd          , Hd          , Md^Xm       , Md^Xm       , 2 Khr       , Md^Xm       , Md^Xm       , Hd          , Hd          , Dd^Vdt      , Dd^Vdt      , Hd          , Wo          , Wo          , Wo          , Wo          , Wo          , Wo          , Hd          , Hd          , Md^Xm       , Md^Xm       
Md^Xm       , Wo          , Hd          , Hd          , Hd          , Wo^Bw\      , Wo^Bw\      , Hd          , Hd          , Hd          , Md^Xm       , Md^Xm       , Chr         , Chr         , Chr         , Chr         , Chr         , Md^Xm       , Md^Xm       , Hd          , Hd          , Hd          , Wo          , Wo          , Wo          , Wo          , Wo          , Wo          , Hd          , Hd          , Md^Xm       , Md^Xm       
Md^Xm       , Wo          , Wo          , Hd          , Hd          , Wo          , Wo          , Wo^Bw\      , Hd          , Md^Xm       , Hd          , Chr         , Hd          , Chr         , Chr         , Chr         , Hd          , Chr         , Hd          , Md^Xm       , Hd          , Hd          , Wo          , Wo          , Wo          , Wo          , Wo          , Wo          , Wo          , Hd          , Md^Xm       , Md^Xm       
Md^Xm       , Wo          , Wo          , Hd          , Hd          , Wo          , Wo          , Hd          , Hd          , Md^Xm       , Hd          , Hd          , Hd          , Chr         , Uu^Ii       , Chr         , Hd          , Hd          , Dd^Vda      , Md^Xm       , Hd          , Hd          , Wo          , Wo          , Wo          , Wo          , Wo          , Hd          , Hd          , Hd          , Md^Xm       , Md^Xm       
Md^Xm       , Md^Xm       , Wo          , Hd          , Wo          , Wo          , Wo^Bw/      , Wo^Bw/      , Hd          , Md^Xm       , Hd          , Hd          , Hd          , Chr         , Uu^Ii       , Chr         , Hd          , Hd          , Hd          , Md^Xm       , Hd          , Hd          , Wo          , Wo          , Wo          , Wo          , Wo          , Hd          , Hd          , Md          , Md          , Md^Xm       
Md^Xm       , Md^Xm       , Wo          , Hd          , Hd          , Wo^Bw/      , Wo          , Hd          , Hd          , Md^Xm       , Dd^Vda      , Hd          , Hd          , Uu^Ii       , Uu^Ii       , Uu^Ii       , Uu^Ii       , Hd          , Hd          , Md^Xm       , Hd          , Hd          , Wo          , Wo          , Wo          , Wo          , Wo          , Wo          , Hd          , Hd          , Md^Xm       , Md^Xm       
Md^Xm       , Wo          , Wo          , Hd          , Wo          , Wo          , Wo          , Hd          , Hd          , Md^Xm       , Md^Xm       , Hd          , Hd          , Hd          , Hd          , Uu^Ii       , Uu^Ii       , Uu^Ii       , Chr         , Md^Xm       , Hd          , Hd          , Wo          , Wo          , Wo          , Wo          , Wo          , Wo          , Wo^Bw/      , Hd          , Md^Xm       , Md^Xm       
Md^Xm       , Wo          , Wo          , Hd          , Wo          , Wo          , Wo          , Wo          , Hd          , Hd          , Hd          , Md^Xm       , Md^Xm       , Hd          , Hd          , Hd          , Chr         , Hd          , Hd          , Md^Xm       , Md^Xm       , Hd          , Wo          , Wo          , Wo          , Wo          , Wo^Bw/      , Wo^Bw/      , Wo          , Wo          , Wo          , Md^Xm       
Md^Xm       , Wo          , Wo          , Wo^Bw|      , Wo          , Wo          , Wo          , Wo          , Hd          , Dd^Vda      , Hd          , Hd          , Hd          , Md^Xm       , Md^Xm       , Hd          , Md^Xm       , Hd          , Hd          , Hd          , Hd          , Hd          , Hd          , Wo          , Wo^Bw/      , Wo^Bw/      , Wo          , Wo          , Wo          , Wo          , Wo          , Md^Xm       
Md^Xm       , Wo          , Wo          , Wo^Bw|      , Wo          , Wo          , Wo          , Wo          , Wo          , Hd          , Hd          , Dd^Vda      , Hd          , Hd          , Hd          , Md^Xm       , Hd          , Md^Xm       , Hd          , Hd          , Hd          , Hd          , Hd          , Hd          , Wo          , Wo          , Wo          , Wo          , Wo          , Wo          , Wo          , Md^Xm       
Md^Xm       , Wo          , Wo          , Wo^Bw|      , Wo          , Wo          , Wo          , Wo          , Wo          , Wo          , Wo          , Hd          , Wo          , Hd          , Wo          , Hd          , Wo          , Hd          , Hd          , Hd          , Hd          , Hd          , Hd          , Hd          , Wo          , Wo          , Wo          , Wo          , Wo          , Wo          , Wo          , Md^Xm       
Md^Xm       , Wo          , Hd          , Hd          , Hd          , Wo          , Wo          , Wo          , Wo          , Wo          , Wo          , Wo          , Wo          , Wo          , Wo          , Wo          , Wo          , Wo          , Wo          , Hd          , Hd          , Hd          , Hd          , Hd          , Wo          , Wo          , Wo          , Wo          , Wo          , Wo          , Wo          , Md^Xm       
Md^Xm       , Wo          , Wo          , Hd          , Wo          , Wo          , Wo          , Wo          , Wo          , Wo          , Wo          , Wo          , Wo          , Wo          , Wo          , Wo          , Wo          , Wo          , Hd          , Hd          , Hd          , Hd          , Wo          , Wo          , Wo          , Wo          , Wo          , Wo          , Wo          , Wo          , Wo          , Md^Xm       
Md^Xm       , Wo          , Wo          , Wo^Bw|      , Wo          , Wo          , Wo          , Wo          , Wo          , Wo          , Wo          , Wo          , Wo          , Wo          , Wo          , Wo          , Wo          , Hd          , Hd          , Hd          , Wo          , Wo          , Wo          , Wo          , Wo          , Wo          , Wo          , Wo          , Wo          , Wo          , Md^Xm       , Md^Xm       
Md^Xm       , Wo          , Wo          , Wo^Bw|      , Wo          , Wo          , Wo          , Wo          , Wo          , Wo          , Wo          , Wo          , Wo          , Wo          , Wo          , Wo          , Wo          , Hd          , Hd          , Hd          , Wo^Bw\      , Wo          , Wo          , Wo          , Wo          , Wo          , Wo          , Wo          , Wo          , Wo          , Md^Xm       , Md^Xm       
Md^Xm       , Md^Xm       , Wo          , Wo^Bw|      , Wo          , Wo          , Wo          , Wo          , Wo          , Wo          , Wo          , Wo          , Wo          , Wo          , Wo          , Wo          , Wo^Bw/      , Wo^Bw/      , Wo          , Wo          , Wo          , Wo^Bw\      , Wo^Bw\      , Wo          , Wo          , Wo          , Wo          , Wo          , Wo          , Wo          , Md^Xm       , Md^Xm       
Md^Xm       , Md          , Md          , Wo^Bw|      , Wo          , Wo          , Wo          , Wo          , Wo          , Wo          , Wo          , Wo          , Wo          , Wo          , Wo^Bw/      , Wo^Bw/      , Wo          , Wo          , Wo          , Wo          , Wo          , Wo          , Wo          , Wo^Bw\      , Wo^Bw\      , Wo          , Wo          , Wo          , Wo          , Wo          , Md^Xm       , Md^Xm       
Md^Xm       , Md          , Md          , Md          , Md          , Wo          , Wo          , Wo          , Wo          , Wo          , Wo          , Wo          , Wo^Bw/      , Wo^Bw/      , Wo          , Wo          , Wo          , Wo          , Wo          , Wo          , Wo          , Wo          , Wo          , Wo          , Wo          , Wo^Bw\      , Wo^Bw\      , Wo          , Wo          , Wo          , Md^Xm       , Md^Xm       
Md^Xm       , Md          , Md          , Md          , Chr         , Md          , Md          , Wo          , Wo          , Wo          , Wo^Bw/      , Wo^Bw/      , Wo          , Wo          , Wo          , Wo          , Wo          , Wo          , Wo          , Wo          , Wo          , Wo          , Wo          , Wo          , Wo          , Wo          , Wo          , Wo^Bw\      , Wo^Bw\      , Wo          , Uh          , Md^Xm       
Md^Xm       , Md          , Md          , Chr         , 3 Khr       , Chr         , Md          , Md          , Md          , Wo^Bw/      , Wo          , Wo          , Wo          , Wo          , Wo          , Wo          , Wo          , Wo          , Wo          , Wo          , Wo          , Wo          , Wo          , Wo          , Wo          , Wo          , Wo          , Wo          , Wwf         , Uh          , Uh          , Md^Xm       
Md^Xm       , Md          , Md          , Chr         , Chr         , Chr         , Md          , Md          , Md          , Md          , Wo          , Wo          , Wo          , Wo          , Wo          , Wo          , Wo          , Wo          , Wo          , Wo          , Wo          , Wo          , Wo          , Wo          , Wo          , Wo          , Uh          , Wwf         , Ww          , Ww^Vm       , Xu          , Md^Xm       
Md^Xm       , Md          , 1 Md        , Md          , Md          , Md          , Md          , Md          , Md          , Md          , Wo          , Wo          , Wo          , Wo          , Wo          , Wo          , Wo          , Wo          , Wo          , Wo          , Wo          , Wo          , Wo          , Wo          , Wo          , Wo          , Uh          , Uh          , Xu          , Wo          , Wo          , Xu          
Md^Xm       , Md          , Md          , Md          , Md^Xm       , Md          , Md^Xm       , Md          , Md^Xm       , Md^Xm       , Md^Xm       , Md          , Md          , Wo          , Ce          , Wo          , Ce          , Wo          , Ce          , Wo          , Md          , Wo          , Md          , Wo          , Md^Xm       , Wo          , Md^Xm       , Md^Xm       , Md^Xm       , Xu          , Xu          , Xu          
Md          , Md          , Md^Xm       , Md^Xm       , Md^Xm       , Md^Xm       , Md^Xm       , Md^Xm       , Md^Xm       , Md^Xm       , Md^Xm       , Md          , Md^Xm       , Ce          , Ce          , Ce          , Ce          , Ce          , Ce          , Ce          , Md^Xm       , Md          , Md^Xm       , Md^Xm       , Md^Xm       , Md^Xm       , Md^Xm       , Md^Xm       , Md^Xm       , Md^Xm       , Md^Xm       , Md^Xm       
